Component: ARM Compiler 5.06 update 3 (build 300) Tool: armlink [4d35c9]

==============================================================================

Section Cross References

    led.o(i.LED_ctl) refers to stm32f10x_rcc.o(i.RCC_APB2PeriphClockCmd) for RCC_APB2PeriphClockCmd
    led.o(i.LED_ctl) refers to stm32f10x_gpio.o(i.GPIO_Init) for GPIO_Init
    led.o(i.LED_init) refers to stm32f10x_rcc.o(i.RCC_APB2PeriphClockCmd) for RCC_APB2PeriphClockCmd
    led.o(i.LED_init) refers to stm32f10x_gpio.o(i.GPIO_Init) for GPIO_Init
    main.o(i.TIM5_IRQHandler) refers to stm32f10x_tim.o(i.TIM_GetITStatus) for TIM_GetITStatus
    main.o(i.TIM5_IRQHandler) refers to stm32f10x_tim.o(i.TIM_ClearITPendingBit) for TIM_ClearITPendingBit
    main.o(i.TIM5_IRQHandler) refers to control.o(i.PID_Control) for PID_Control
    main.o(i.TIM5_IRQHandler) refers to main.o(.data) for pidcal20ms
    main.o(i.main) refers to delay.o(i.delay_init) for delay_init
    main.o(i.main) refers to myiic.o(i.IIC_Init) for IIC_Init
    main.o(i.main) refers to led.o(i.LED_init) for LED_init
    main.o(i.main) refers to led.o(i.LED_ctl) for LED_ctl
    main.o(i.main) refers to control.o(i.Motor_Init) for Motor_Init
    main.o(i.main) refers to control.o(i.PID_Init) for PID_Init
    main.o(i.main) refers to timer.o(i.myTIMER5_Init) for myTIMER5_Init
    main.o(i.main) refers to timer.o(i.myTIMER4_Init) for myTIMER4_Init
    main.o(i.main) refers to usart.o(i.uart_init) for uart_init
    main.o(i.main) refers to inv_mpu.o(i.mpu_dmp_init) for mpu_dmp_init
    main.o(i.main) refers to inv_mpu.o(i.mpu_dmp_get_data) for mpu_dmp_get_data
    main.o(i.main) refers to timer.o(i.TIM5_SET) for TIM5_SET
    main.o(i.main) refers to usart.o(i.UART1_Receive) for UART1_Receive
    main.o(i.main) refers to usart.o(i.verify) for verify
    main.o(i.main) refers to control.o(i.Motor_1234) for Motor_1234
    main.o(i.main) refers to control.o(i.Motor_5678) for Motor_5678
    main.o(i.main) refers to control.o(i.LED_1234) for LED_1234
    main.o(i.main) refers to control.o(i.Light_Set) for Light_Set
    main.o(i.main) refers to control.o(.bss) for Angle
    main.o(i.main) refers to main.o(.bss) for Con_Info
    main.o(i.main) refers to main.o(.data) for check
    system_stm32f10x.o(i.SetSysClock) refers to system_stm32f10x.o(i.SetSysClockTo72) for SetSysClockTo72
    system_stm32f10x.o(i.SystemCoreClockUpdate) refers to system_stm32f10x.o(.data) for SystemCoreClock
    system_stm32f10x.o(i.SystemInit) refers to system_stm32f10x.o(i.SetSysClock) for SetSysClock
    startup_stm32f10x_hd.o(STACK) refers (Special) to heapauxi.o(.text) for __use_two_region_memory
    startup_stm32f10x_hd.o(HEAP) refers (Special) to heapauxi.o(.text) for __use_two_region_memory
    startup_stm32f10x_hd.o(RESET) refers (Special) to heapauxi.o(.text) for __use_two_region_memory
    startup_stm32f10x_hd.o(RESET) refers to startup_stm32f10x_hd.o(STACK) for __initial_sp
    startup_stm32f10x_hd.o(RESET) refers to startup_stm32f10x_hd.o(.text) for Reset_Handler
    startup_stm32f10x_hd.o(RESET) refers to stm32f10x_it.o(i.NMI_Handler) for NMI_Handler
    startup_stm32f10x_hd.o(RESET) refers to stm32f10x_it.o(i.HardFault_Handler) for HardFault_Handler
    startup_stm32f10x_hd.o(RESET) refers to stm32f10x_it.o(i.MemManage_Handler) for MemManage_Handler
    startup_stm32f10x_hd.o(RESET) refers to stm32f10x_it.o(i.BusFault_Handler) for BusFault_Handler
    startup_stm32f10x_hd.o(RESET) refers to stm32f10x_it.o(i.UsageFault_Handler) for UsageFault_Handler
    startup_stm32f10x_hd.o(RESET) refers to stm32f10x_it.o(i.SVC_Handler) for SVC_Handler
    startup_stm32f10x_hd.o(RESET) refers to stm32f10x_it.o(i.DebugMon_Handler) for DebugMon_Handler
    startup_stm32f10x_hd.o(RESET) refers to stm32f10x_it.o(i.PendSV_Handler) for PendSV_Handler
    startup_stm32f10x_hd.o(RESET) refers to stm32f10x_it.o(i.SysTick_Handler) for SysTick_Handler
    startup_stm32f10x_hd.o(RESET) refers to usart2.o(i.TIM4_IRQHandler) for TIM4_IRQHandler
    startup_stm32f10x_hd.o(RESET) refers to usart.o(i.USART1_IRQHandler) for USART1_IRQHandler
    startup_stm32f10x_hd.o(RESET) refers to usart2.o(i.USART2_IRQHandler) for USART2_IRQHandler
    startup_stm32f10x_hd.o(RESET) refers to main.o(i.TIM5_IRQHandler) for TIM5_IRQHandler
    startup_stm32f10x_hd.o(.text) refers (Special) to heapauxi.o(.text) for __use_two_region_memory
    startup_stm32f10x_hd.o(.text) refers to system_stm32f10x.o(i.SystemInit) for SystemInit
    startup_stm32f10x_hd.o(.text) refers to __main.o(!!!main) for __main
    startup_stm32f10x_hd.o(.text) refers to startup_stm32f10x_hd.o(HEAP) for Heap_Mem
    startup_stm32f10x_hd.o(.text) refers to startup_stm32f10x_hd.o(STACK) for Stack_Mem
    stm32f10x_adc.o(i.ADC_DeInit) refers to stm32f10x_rcc.o(i.RCC_APB2PeriphResetCmd) for RCC_APB2PeriphResetCmd
    stm32f10x_bkp.o(i.BKP_DeInit) refers to stm32f10x_rcc.o(i.RCC_BackupResetCmd) for RCC_BackupResetCmd
[...]
    i.dmp_set_gyro_bias                      0x08002ff0   Section        0  inv_mpu_dmp_motion_driver.o(i.dmp_set_gyro_bias)
    i.dmp_set_orientation                    0x08003120   Section        0  inv_mpu_dmp_motion_driver.o(i.dmp_set_orientation)
    i.dmp_set_shake_reject_thresh            0x08003258   Section        0  inv_mpu_dmp_motion_driver.o(i.dmp_set_shake_reject_thresh)
    i.dmp_set_shake_reject_time              0x08003290   Section        0  inv_mpu_dmp_motion_driver.o(i.dmp_set_shake_reject_time)
    i.dmp_set_shake_reject_timeout           0x080032b6   Section        0  inv_mpu_dmp_motion_driver.o(i.dmp_set_shake_reject_timeout)
    i.dmp_set_tap_axes                       0x080032dc   Section        0  inv_mpu_dmp_motion_driver.o(i.dmp_set_tap_axes)
    i.dmp_set_tap_count                      0x08003322   Section        0  inv_mpu_dmp_motion_driver.o(i.dmp_set_tap_count)
    i.dmp_set_tap_thresh                     0x08003348   Section        0  inv_mpu_dmp_motion_driver.o(i.dmp_set_tap_thresh)
    i.dmp_set_tap_time                       0x080034e8   Section        0  inv_mpu_dmp_motion_driver.o(i.dmp_set_tap_time)
    i.dmp_set_tap_time_multi                 0x0800350e   Section        0  inv_mpu_dmp_motion_driver.o(i.dmp_set_tap_time_multi)
    i.fputc                                  0x08003534   Section        0  usart.o(i.fputc)
    i.get_accel_prod_shift                   0x08003550   Section        0  inv_mpu.o(i.get_accel_prod_shift)
    get_accel_prod_shift                     0x08003551   Thumb Code   168  inv_mpu.o(i.get_accel_prod_shift)
    i.get_st_biases                          0x08003604   Section        0  inv_mpu.o(i.get_st_biases)
    get_st_biases                            0x08003605   Thumb Code  1132  inv_mpu.o(i.get_st_biases)
    i.gyro_self_test                         0x08003a74   Section        0  inv_mpu.o(i.gyro_self_test)
    gyro_self_test                           0x08003a75   Thumb Code   256  inv_mpu.o(i.gyro_self_test)
    i.inv_orientation_matrix_to_scalar       0x08003b84   Section        0  inv_mpu.o(i.inv_orientation_matrix_to_scalar)
    i.inv_row_2_scale                        0x08003bac   Section        0  inv_mpu.o(i.inv_row_2_scale)
    i.main                                   0x08003bfc   Section        0  main.o(i.main)
    i.mget_ms                                0x08003cd4   Section        0  inv_mpu.o(i.mget_ms)
    i.mpu_configure_fifo                     0x08003cd8   Section        0  inv_mpu.o(i.mpu_configure_fifo)
    i.mpu_dmp_get_data                       0x08003d48   Section        0  inv_mpu.o(i.mpu_dmp_get_data)
    i.mpu_dmp_init                           0x08003f64   Section        0  inv_mpu.o(i.mpu_dmp_init)
    i.mpu_get_accel_fsr                      0x08004004   Section        0  inv_mpu.o(i.mpu_get_accel_fsr)
    i.mpu_get_accel_sens                     0x08004050   Section        0  inv_mpu.o(i.mpu_get_accel_sens)
    i.mpu_get_fifo_config                    0x080040a4   Section        0  inv_mpu.o(i.mpu_get_fifo_config)
    i.mpu_get_gyro_fsr                       0x080040b4   Section        0  inv_mpu.o(i.mpu_get_gyro_fsr)
    i.mpu_get_gyro_sens                      0x080040f8   Section        0  inv_mpu.o(i.mpu_get_gyro_sens)
    i.mpu_get_lpf                            0x08004148   Section        0  inv_mpu.o(i.mpu_get_lpf)
    i.mpu_get_sample_rate                    0x08004198   Section        0  inv_mpu.o(i.mpu_get_sample_rate)
    i.mpu_init                               0x080041b8   Section        0  inv_mpu.o(i.mpu_init)
    i.mpu_load_firmware                      0x080043a8   Section        0  inv_mpu.o(i.mpu_load_firmware)
    i.mpu_lp_accel_mode                      0x08004460   Section        0  inv_mpu.o(i.mpu_lp_accel_mode)
    i.mpu_read_fifo_stream                   0x08004540   Section        0  inv_mpu.o(i.mpu_read_fifo_stream)
    i.mpu_read_mem                           0x08004600   Section        0  inv_mpu.o(i.mpu_read_mem)
    i.mpu_reset_fifo                         0x08004680   Section        0  inv_mpu.o(i.mpu_reset_fifo)
    i.mpu_run_self_test                      0x08004848   Section        0  inv_mpu.o(i.mpu_run_self_test)
    i.mpu_set_accel_fsr                      0x08004964   Section        0  inv_mpu.o(i.mpu_set_accel_fsr)
    i.mpu_set_bypass                         0x080049e8   Section        0  inv_mpu.o(i.mpu_set_bypass)
    i.mpu_set_dmp_state                      0x08004b34   Section        0  inv_mpu.o(i.mpu_set_dmp_state)
    i.mpu_set_gyro_fsr                       0x08004bc4   Section        0  inv_mpu.o(i.mpu_set_gyro_fsr)
    i.mpu_set_int_latched                    0x08004c4c   Section        0  inv_mpu.o(i.mpu_set_int_latched)
    i.mpu_set_lpf                            0x08004cb8   Section        0  inv_mpu.o(i.mpu_set_lpf)
    i.mpu_set_sample_rate                    0x08004d3c   Section        0  inv_mpu.o(i.mpu_set_sample_rate)
    i.mpu_set_sensors                        0x08004dd8   Section        0  inv_mpu.o(i.mpu_set_sensors)
    i.mpu_write_mem                          0x08004ea8   Section        0  inv_mpu.o(i.mpu_write_mem)
    i.myTIMER1_PWM_Init                      0x08004f28   Section        0  timer.o(i.myTIMER1_PWM_Init)
    i.myTIMER3_PWM_Init                      0x0800503c   Section        0  timer.o(i.myTIMER3_PWM_Init)
    i.myTIMER4_Init                          0x0800515c   Section        0  timer.o(i.myTIMER4_Init)
    i.myTIMER5_Init                          0x08005218   Section        0  timer.o(i.myTIMER5_Init)
    i.run_self_test                          0x080052c8   Section        0  inv_mpu.o(i.run_self_test)
    i.set_int_enable                         0x0800535c   Section        0  inv_mpu.o(i.set_int_enable)
    set_int_enable                           0x0800535d   Thumb Code   138  inv_mpu.o(i.set_int_enable)
    i.sqrt                                   0x080053ec   Section        0  sqrt.o(i.sqrt)
    i.uart_init                              0x08005438   Section        0  usart.o(i.uart_init)
    i.verify                                 0x080054e0   Section        0  usart.o(i.verify)
    x$fpl$d2f                                0x08005508   Section       98  d2f.o(x$fpl$d2f)
    x$fpl$dadd                               0x0800556c   Section      336  daddsub_clz.o(x$fpl$dadd)
    _dadd1                                   0x0800557d   Thumb Code     0  daddsub_clz.o(x$fpl$dadd)
    x$fpl$dcheck1                            0x080056bc   Section       16  dcheck1.o(x$fpl$dcheck1)
    x$fpl$ddiv                               0x080056cc   Section      688  ddiv.o(x$fpl$ddiv)
    ddiv_entry                               0x080056d3   Thumb Code     0  ddiv.o(x$fpl$ddiv)
    x$fpl$dmul                               0x0800597c   Section      340  dmul.o(x$fpl$dmul)
    x$fpl$dnaninf                            0x08005ad0   Section      156  dnaninf.o(x$fpl$dnaninf)
    x$fpl$dretinf                            0x08005b6c   Section       12  dretinf.o(x$fpl$dretinf)
    x$fpl$drsb                               0x08005b78   Section       22  daddsub_clz.o(x$fpl$drsb)
    x$fpl$dsqrt                              0x08005b90   Section      460  dsqrt_noumaal.o(x$fpl$dsqrt)
    x$fpl$dsub                               0x08005d5c   Section      468  daddsub_clz.o(x$fpl$dsub)
    _dsub1                                   0x08005d6d   Thumb Code     0  daddsub_clz.o(x$fpl$dsub)
    x$fpl$f2d                                0x08005f30   Section       86  f2d.o(x$fpl$f2d)
    x$fpl$fadd                               0x08005f88   Section      196  faddsub_clz.o(x$fpl$fadd)
    _fadd1                                   0x08005f97   Thumb Code     0  faddsub_clz.o(x$fpl$fadd)
    x$fpl$fcmpinf                            0x0800604c   Section       24  fcmpi.o(x$fpl$fcmpinf)
    x$fpl$fdiv                               0x08006064   Section      388  fdiv.o(x$fpl$fdiv)
    _fdiv1                                   0x08006065   Thumb Code     0  fdiv.o(x$fpl$fdiv)
    x$fpl$feqf                               0x080061e8   Section      104  feqf.o(x$fpl$feqf)
    x$fpl$ffix                               0x08006250   Section       54  ffix.o(x$fpl$ffix)
    x$fpl$ffixu                              0x08006288   Section       62  ffixu.o(x$fpl$ffixu)
    x$fpl$fflt                               0x080062c8   Section       48  fflt_clz.o(x$fpl$fflt)
    x$fpl$ffltu                              0x080062f8   Section       38  fflt_clz.o(x$fpl$ffltu)
    x$fpl$fleqf                              0x08006320   Section      104  fleqf.o(x$fpl$fleqf)
    x$fpl$fmul                               0x08006388   Section      258  fmul.o(x$fpl$fmul)
    x$fpl$fnaninf                            0x0800648a   Section      140  fnaninf.o(x$fpl$fnaninf)
    x$fpl$fretinf                            0x08006516   Section       10  fretinf.o(x$fpl$fretinf)
    x$fpl$frleqf                             0x08006520   Section       98  frleqf.o(x$fpl$frleqf)
    x$fpl$fsub                               0x08006584   Section      234  faddsub_clz.o(x$fpl$fsub)
    _fsub1                                   0x08006593   Thumb Code     0  faddsub_clz.o(x$fpl$fsub)
    x$fpl$retnan                             0x0800666e   Section      100  retnan.o(x$fpl$retnan)
    x$fpl$scalbn                             0x080066d2   Section       92  scalbn.o(x$fpl$scalbn)
    x$fpl$trapveneer                         0x0800672e   Section       48  trapv.o(x$fpl$trapveneer)
    x$fpl$usenofp                            0x0800675e   Section        0  usenofp.o(x$fpl$usenofp)
    .constdata                               0x08006760   Section       80  inv_mpu.o(.constdata)
    .constdata                               0x080067b0   Section     3062  inv_mpu_dmp_motion_driver.o(.constdata)
    dmp_memory                               0x080067b0   Data        3062  inv_mpu_dmp_motion_driver.o(.constdata)
    .constdata                               0x080073a6   Section       17  __printf_flags_ss_wp.o(.constdata)
    maptable                                 0x080073a6   Data          17  __printf_flags_ss_wp.o(.constdata)
    .constdata                               0x080073b8   Section       80  asin.o(.constdata)
    pS                                       0x080073b8   Data          48  asin.o(.constdata)
    qS                                       0x080073e8   Data          32  asin.o(.constdata)
    .constdata                               0x08007408   Section      152  atan.o(.constdata)
    atanhi                                   0x08007408   Data          32  atan.o(.constdata)
    atanlo                                   0x08007428   Data          32  atan.o(.constdata)
    aTodd                                    0x08007448   Data          40  atan.o(.constdata)
    aTeven                                   0x08007470   Data          48  atan.o(.constdata)
    .constdata                               0x080074a0   Section        8  qnan.o(.constdata)
    .conststring                             0x080074a8   Section       77  inv_mpu.o(.conststring)
    .data                                    0x20000000   Section        5  main.o(.data)
    .data                                    0x20000008   Section       20  system_stm32f10x.o(.data)
    .data                                    0x2000001c   Section       20  stm32f10x_rcc.o(.data)
    APBAHBPrescTable                         0x2000001c   Data          16  stm32f10x_rcc.o(.data)
    ADCPrescTable                            0x2000002c   Data           4  stm32f10x_rcc.o(.data)
    .data                                    0x20000030   Section        4  delay.o(.data)
    fac_us                                   0x20000030   Data           1  delay.o(.data)
    fac_ms                                   0x20000032   Data           2  delay.o(.data)
    .data                                    0x20000034   Section       12  usart.o(.data)
    .data                                    0x20000040   Section       53  inv_mpu.o(.data)
    st                                       0x20000040   Data          44  inv_mpu.o(.data)
    gyro_orientation                         0x2000006c   Data           9  inv_mpu.o(.data)
    .data                                    0x20000076   Section        2  usart2.o(.data)
    .data                                    0x20000078   Section       36  control.o(.data)
    .bss                                     0x2000009c   Section       16  main.o(.bss)
    .bss                                     0x200000ac   Section       21  usart.o(.bss)
    .bss                                     0x200000c4   Section       16  inv_mpu_dmp_motion_driver.o(.bss)
    dmp                                      0x200000c4   Data          16  inv_mpu_dmp_motion_driver.o(.bss)
    .bss                                     0x200000d8   Section      400  usart2.o(.bss)
    .bss                                     0x20000268   Section      104  control.o(.bss)
    .bss                                     0x200002d0   Section       96  libspace.o(.bss)
    HEAP                                     0x20000330   Section      512  startup_stm32f10x_hd.o(HEAP)
    Heap_Mem                                 0x20000330   Data         512  startup_stm32f10x_hd.o(HEAP)
    STACK                                    0x20000530   Section     4096  startup_stm32f10x_hd.o(STACK)
    Stack_Mem                                0x20000530   Data        4096  startup_stm32f10x_hd.o(STACK)
    __initial_sp                             0x20001530   Data           0  startup_stm32f10x_hd.o(STACK)

    Global Symbols

    Symbol Name                              Value     Ov Type        Size  Object(Section)

    BuildAttributes$$THM_ISAv4$P$D$K$B$S$PE$A:L22UL41UL21$X:L11$S22US41US21$IEEE1$IW$USESV6$~STKCKD$USESV7$~SHL$OTIME$ROPI$IEEEX$EBA8$UX$STANDARDLIB$REQ8$PRES8$EABIv2 0x00000000   Number         0  anon$$obj.o ABSOLUTE
    __ARM_use_no_argv                        0x00000000   Number         0  main.o ABSOLUTE
    _printf_flags                            0x00000000   Number         0  printf_stubs.o ABSOLUTE
    _printf_return_value                     0x00000000   Number         0  printf_stubs.o ABSOLUTE
    _printf_sizespec                         0x00000000   Number         0  printf_stubs.o ABSOLUTE
    _printf_widthprec                        0x00000000   Number         0  printf_stubs.o ABSOLUTE
    __ARM_exceptions_init                     - Undefined Weak Reference
    __alloca_initialize                       - Undefined Weak Reference
    __arm_preinit_                            - Undefined Weak Reference
    __cpp_initialize__aeabi_                  - Undefined Weak Reference
    __cxa_finalize                            - Undefined Weak Reference
    __sigvec_lookup                           - Undefined Weak Reference
    _atexit_init                              - Undefined Weak Reference
    _call_atexit_fns                          - Undefined Weak Reference
    _clock_init                               - Undefined Weak Reference
    _fp_trap_init                             - Undefined Weak Reference
    _fp_trap_shutdown                         - Undefined Weak Reference
    _get_lc_collate                           - Undefined Weak Reference
    _get_lc_monetary                          - Undefined Weak Reference
    _get_lc_time                              - Undefined Weak Reference
    _getenv_init                              - Undefined Weak Reference
    _handle_redirection                       - Undefined Weak Reference
    _init_alloc                               - Undefined Weak Reference
    _init_user_alloc                          - Undefined Weak Reference
    _initio                                   - Undefined Weak Reference
    _mutex_acquire                            - Undefined Weak Reference
    _mutex_release                            - Undefined Weak Reference
    _printf_fp_hex                            - Undefined Weak Reference
    _printf_mbtowc                            - Undefined Weak Reference
    _printf_wc                                - Undefined Weak Reference
    _rand_init                                - Undefined Weak Reference
    _signal_finish                            - Undefined Weak Reference
    _signal_init                              - Undefined Weak Reference
    _terminate_alloc                          - Undefined Weak Reference
    _terminate_user_alloc                     - Undefined Weak Reference
    _terminateio                              - Undefined Weak Reference
    __Vectors_Size                           0x00000130   Number         0  startup_stm32f10x_hd.o ABSOLUTE
    __Vectors                                0x08000000   Data           4  startup_stm32f10x_hd.o(RESET)
    __Vectors_End                            0x08000130   Data           0  startup_stm32f10x_hd.o(RESET)
    __main                                   0x08000131   Thumb Code     8  __main.o(!!!main)
    __scatterload                            0x08000139   Thumb Code     0  __scatter.o(!!!scatter)
    __scatterload_rt2                        0x08000139   Thumb Code    44  __scatter.o(!!!scatter)
    __scatterload_rt2_thumb_only             0x08000139   Thumb Code     0  __scatter.o(!!!scatter)
    __scatterload_null                       0x08000147   Thumb Code     0  __scatter.o(!!!scatter)
    __scatterload_copy                       0x0800016d   Thumb Code    26  __scatter_copy.o(!!handler_copy)
    __scatterload_zeroinit                   0x08000189   Thumb Code    28  __scatter_zi.o(!!handler_zi)
    _printf_d                                0x080001a5   Thumb Code     0  _printf_d.o(.ARM.Collect$$_printf_percent$$00000009)
    _printf_percent                          0x080001a5   Thumb Code     0  _printf_percent.o(.ARM.Collect$$_printf_percent$$00000000)
    _printf_percent_end                      0x080001ab   Thumb Code     0  _printf_percent_end.o(.ARM.Collect$$_printf_percent$$00000017)
    __rt_lib_init                            0x080001af   Thumb Code     0  libinit.o(.ARM.Collect$$libinit$$00000000)
    __rt_lib_init_alloca_1                   0x080001b1   Thumb Code     0  libinit2.o(.ARM.Collect$$libinit$$0000002E)
    __rt_lib_init_argv_1                     0x080001b1   Thumb Code     0  libinit2.o(.ARM.Collect$$libinit$$0000002C)
    __rt_lib_init_atexit_1                   0x080001b1   Thumb Code     0  libinit2.o(.ARM.Collect$$libinit$$0000001B)
    __rt_lib_init_clock_1                    0x080001b1   Thumb Code     0  libinit2.o(.ARM.Collect$$libinit$$00000021)
    __rt_lib_init_cpp_1                      0x080001b1   Thumb Code     0  libinit2.o(.ARM.Collect$$libinit$$00000032)
    __rt_lib_init_exceptions_1               0x080001b1   Thumb Code     0  libinit2.o(.ARM.Collect$$libinit$$00000030)
    __rt_lib_init_fp_1                       0x080001b1   Thumb Code     0  libinit2.o(.ARM.Collect$$libinit$$00000002)
    __rt_lib_init_fp_trap_1                  0x080001b1   Thumb Code     0  libinit2.o(.ARM.Collect$$libinit$$0000001F)
    __rt_lib_init_getenv_1                   0x080001b1   Thumb Code     0  libinit2.o(.ARM.Collect$$libinit$$00000023)
    __rt_lib_init_heap_1                     0x080001b1   Thumb Code     0  libinit2.o(.ARM.Collect$$libinit$$0000000A)
    __rt_lib_init_lc_collate_1               0x080001b1   Thumb Code     0  libinit2.o(.ARM.Collect$$libinit$$00000011)
    __rt_lib_init_lc_ctype_1                 0x080001b1   Thumb Code     0  libinit2.o(.ARM.Collect$$libinit$$00000013)
    __rt_lib_init_lc_monetary_1              0x080001b1   Thumb Code     0  libinit2.o(.ARM.Collect$$libinit$$00000015)
    __rt_lib_init_lc_numeric_1               0x080001b1   Thumb Code     0  libinit2.o(.ARM.Collect$$libinit$$00000017)
    __rt_lib_init_lc_time_1                  0x080001b1   Thumb Code     0  libinit2.o(.ARM.Collect$$libinit$$00000019)
    __rt_lib_init_preinit_1                  0x080001b1   Thumb Code     0  libinit2.o(.ARM.Collect$$libinit$$00000004)
    __rt_lib_init_rand_1                     0x080001b1   Thumb Code     0  libinit2.o(.ARM.Collect$$libinit$$0000000E)
    __rt_lib_init_return                     0x080001b1   Thumb Code     0  libinit2.o(.ARM.Collect$$libinit$$00000033)
    __rt_lib_init_signal_1                   0x080001b1   Thumb Code     0  libinit2.o(.ARM.Collect$$libinit$$0000001D)
    __rt_lib_init_stdio_1                    0x080001b1   Thumb Code     0  libinit2.o(.ARM.Collect$$libinit$$00000025)
    __rt_lib_init_user_alloc_1               0x080001b1   Thumb Code     0  libinit2.o(.ARM.Collect$$libinit$$0000000C)
    __rt_lib_shutdown                        0x080001b3   Thumb Code     0  libshutdown.o(.ARM.Collect$$libshutdown$$00000000)
    __rt_lib_shutdown_cpp_1                  0x080001b5   Thumb Code     0  libshutdown2.o(.ARM.Collect$$libshutdown$$00000002)
    __rt_lib_shutdown_fp_trap_1              0x080001b5   Thumb Code     0  libshutdown2.o(.ARM.Collect$$libshutdown$$00000007)
    __rt_lib_shutdown_heap_1                 0x080001b5   Thumb Code     0  libshutdown2.o(.ARM.Collect$$libshutdown$$0000000F)
    __rt_lib_shutdown_return                 0x080001b5   Thumb Code     0  libshutdown2.o(.ARM.Collect$$libshutdown$$00000010)
    __rt_lib_shutdown_signal_1               0x080001b5   Thumb Code     0  libshutdown2.o(.ARM.Collect$$libshutdown$$0000000A)
    __rt_lib_shutdown_stdio_1                0x080001b5   Thumb Code     0  libshutdown2.o(.ARM.Collect$$libshutdown$$00000004)
    __rt_lib_shutdown_user_alloc_1           0x080001b5   Thumb Code     0  libshutdown2.o(.ARM.Collect$$libshutdown$$0000000C)
    __rt_entry                               0x080001b7   Thumb Code     0  __rtentry.o(.ARM.Collect$$rtentry$$00000000)
    __rt_entry_presh_1                       0x080001b7   Thumb Code     0  __rtentry2.o(.ARM.Collect$$rtentry$$00000002)
    __rt_entry_sh                            0x080001b7   Thumb Code     0  __rtentry4.o(.ARM.Collect$$rtentry$$00000004)
    __rt_entry_li                            0x080001bd   Thumb Code     0  __rtentry2.o(.ARM.Collect$$rtentry$$0000000A)
    __rt_entry_postsh_1                      0x080001bd   Thumb Code     0  __rtentry2.o(.ARM.Collect$$rtentry$$00000009)
    __rt_entry_main                          0x080001c1   Thumb Code     0  __rtentry2.o(.ARM.Collect$$rtentry$$0000000D)
    __rt_entry_postli_1                      0x080001c1   Thumb Code     0  __rtentry2.o(.ARM.Collect$$rtentry$$0000000C)
    __rt_exit                                0x080001c9   Thumb Code     0  rtexit.o(.ARM.Collect$$rtexit$$00000000)
    __rt_exit_ls                             0x080001cb   Thumb Code     0  rtexit2.o(.ARM.Collect$$rtexit$$00000003)
    __rt_exit_prels_1                        0x080001cb   Thumb Code     0  rtexit2.o(.ARM.Collect$$rtexit$$00000002)
    __rt_exit_exit                           0x080001cf   Thumb Code     0  rtexit2.o(.ARM.Collect$$rtexit$$00000004)
    Reset_Handler                            0x080001d5   Thumb Code     8  startup_stm32f10x_hd.o(.text)
    ADC1_2_IRQHandler                        0x080001ef   Thumb Code     0  startup_stm32f10x_hd.o(.text)
    ADC3_IRQHandler                          0x080001ef   Thumb Code     0  startup_stm32f10x_hd.o(.text)
    CAN1_RX1_IRQHandler                      0x080001ef   Thumb Code     0  startup_stm32f10x_hd.o(.text)
    CAN1_SCE_IRQHandler                      0x080001ef   Thumb Code     0  startup_stm32f10x_hd.o(.text)
    DMA1_Channel1_IRQHandler                 0x080001ef   Thumb Code     0  startup_stm32f10x_hd.o(.text)
    DMA1_Channel2_IRQHandler                 0x080001ef   Thumb Code     0  startup_stm32f10x_hd.o(.text)
    DMA1_Channel3_IRQHandler                 0x080001ef   Thumb Code     0  startup_stm32f10x_hd.o(.text)
    DMA1_Channel4_IRQHandler                 0x080001ef   Thumb Code     0  startup_stm32f10x_hd.o(.text)
    DMA1_Channel5_IRQHandler                 0x080001ef   Thumb Code     0  startup_stm32f10x_hd.o(.text)
    DMA1_Channel6_IRQHandler                 0x080001ef   Thumb Code     0  startup_stm32f10x_hd.o(.text)
    DMA1_Channel7_IRQHandler                 0x080001ef   Thumb Code     0  startup_stm32f10x_hd.o(.text)
    DMA2_Channel1_IRQHandler                 0x080001ef   Thumb Code     0  startup_stm32f10x_hd.o(.text)
    DMA2_Channel2_IRQHandler                 0x080001ef   Thumb Code     0  startup_stm32f10x_hd.o(.text)
    DMA2_Channel3_IRQHandler                 0x080001ef   Thumb Code     0  startup_stm32f10x_hd.o(.text)
    DMA2_Channel4_5_IRQHandler               0x080001ef   Thumb Code     0  startup_stm32f10x_hd.o(.text)
    EXTI0_IRQHandler                         0x080001ef   Thumb Code     0  startup_stm32f10x_hd.o(.text)
    EXTI15_10_IRQHandler                     0x080001ef   Thumb Code     0  startup_stm32f10x_hd.o(.text)
    EXTI1_IRQHandler                         0x080001ef   Thumb Code     0  startup_stm32f10x_hd.o(.text)
    EXTI2_IRQHandler                         0x080001ef   Thumb Code     0  startup_stm32f10x_hd.o(.text)
    EXTI3_IRQHandler                         0x080001ef   Thumb Code     0  startup_stm32f10x_hd.o(.text)
    EXTI4_IRQHandler                         0x080001ef   Thumb Code     0  startup_stm32f10x_hd.o(.text)
    EXTI9_5_IRQHandler                       0x080001ef   Thumb Code     0  startup_stm32f10x_hd.o(.text)
    FLASH_IRQHandler                         0x080001ef   Thumb Code     0  startup_stm32f10x_hd.o(.text)
    FSMC_IRQHandler                          0x080001ef   Thumb Code     0  startup_stm32f10x_hd.o(.text)
    I2C1_ER_IRQHandler                       0x080001ef   Thumb Code     0  startup_stm32f10x_hd.o(.text)
    I2C1_EV_IRQHandler                       0x080001ef   Thumb Code     0  startup_stm32f10x_hd.o(.text)
    I2C2_ER_IRQHandler                       0x080001ef   Thumb Code     0  startup_stm32f10x_hd.o(.text)
    I2C2_EV_IRQHandler                       0x080001ef   Thumb Code     0  startup_stm32f10x_hd.o(.text)
    PVD_IRQHandler                           0x080001ef   Thumb Code     0  startup_stm32f10x_hd.o(.text)
    RCC_IRQHandler                           0x080001ef   Thumb Code     0  startup_stm32f10x_hd.o(.text)
    RTCAlarm_IRQHandler                      0x080001ef   Thumb Code     0  startup_stm32f10x_hd.o(.text)
    RTC_IRQHandler                           0x080001ef   Thumb Code     0  startup_stm32f10x_hd.o(.text)
    SDIO_IRQHandler                          0x080001ef   Thumb Code     0  startup_stm32f10x_hd.o(.text)
    SPI1_IRQHandler                          0x080001ef   Thumb Code     0  startup_stm32f10x_hd.o(.text)
    SPI2_IRQHandler                          0x080001ef   Thumb Code     0  startup_stm32f10x_hd.o(.text)
    SPI3_IRQHandler                          0x080001ef   Thumb Code     0  startup_stm32f10x_hd.o(.text)
    TAMPER_IRQHandler                        0x080001ef   Thumb Code     0  startup_stm32f10x_hd.o(.text)
    TIM1_BRK_IRQHandler                      0x080001ef   Thumb Code     0  startup_stm32f10x_hd.o(.text)
    TIM1_CC_IRQHandler                       0x080001ef   Thumb Code     0  startup_stm32f10x_hd.o(.text)
    TIM1_TRG_COM_IRQHandler                  0x080001ef   Thumb Code     0  startup_stm32f10x_hd.o(.text)
    TIM1_UP_IRQHandler                       0x080001ef   Thumb Code     0  startup_stm32f10x_hd.o(.text)
    TIM2_IRQHandler                          0x080001ef   Thumb Code     0  startup_stm32f10x_hd.o(.text)
    TIM3_IRQHandler                          0x080001ef   Thumb Code     0  startup_stm32f10x_hd.o(.text)
    TIM6_IRQHandler                          0x080001ef   Thumb Code     0  startup_stm32f10x_hd.o(.text)
    TIM7_IRQHandler                          0x080001ef   Thumb Code     0  startup_stm32f10x_hd.o(.text)
    TIM8_BRK_IRQHandler                      0x080001ef   Thumb Code     0  startup_stm32f10x_hd.o(.text)
    TIM8_CC_IRQHandler                       0x080001ef   Thumb Code     0  startup_stm32f10x_hd.o(.text)
    TIM8_TRG_COM_IRQHandler                  0x080001ef   Thumb Code     0  startup_stm32f10x_hd.o(.text)
    TIM8_UP_IRQHandler                       0x080001ef   Thumb Code     0  startup_stm32f10x_hd.o(.text)
    UART4_IRQHandler                         0x080001ef   Thumb Code     0  startup_stm32f10x_hd.o(.text)
    UART5_IRQHandler                         0x080001ef   Thumb Code     0  startup_stm32f10x_hd.o(.text)
    USART3_IRQHandler                        0x080001ef   Thumb Code     0  startup_stm32f10x_hd.o(.text)
    USBWakeUp_IRQHandler                     0x080001ef   Thumb Code     0  startup_stm32f10x_hd.o(.text)
    USB_HP_CAN1_TX_IRQHandler                0x080001ef   Thumb Code     0  startup_stm32f10x_hd.o(.text)
    USB_LP_CAN1_RX0_IRQHandler               0x080001ef   Thumb Code     0  startup_stm32f10x_hd.o(.text)
    WWDG_IRQHandler                          0x080001ef   Thumb Code     0  startup_stm32f10x_hd.o(.text)
    __user_initial_stackheap                 0x080001f1   Thumb Code     0  startup_stm32f10x_hd.o(.text)
    __use_no_semihosting                     0x08000215   Thumb Code     2  use_no_semi_2.o(.text)
    __aeabi_ldivmod                          0x08000217   Thumb Code     0  llsdiv.o(.text)
    _ll_sdiv                                 0x08000217   Thumb Code    72  llsdiv.o(.text)
    __2printf                                0x08000261   Thumb Code    20  __2printf.o(.text)
    _printf_int_dec                          0x08000279   Thumb Code   104  _printf_dec.o(.text)
    __printf                                 0x080002f1   Thumb Code   388  __printf_flags_ss_wp.o(.text)
    memcmp                                   0x08000479   Thumb Code    88  memcmp.o(.text)
    __aeabi_memset                           0x080004d1   Thumb Code    16  aeabi_memset.o(.text)
    __use_two_region_memory                  0x080004e1   Thumb Code     2  heapauxi.o(.text)
    __rt_heap_escrow$2region                 0x080004e3   Thumb Code     2  heapauxi.o(.text)
    __rt_heap_expand$2region                 0x080004e5   Thumb Code     2  heapauxi.o(.text)
    __I$use$semihosting                      0x080004e7   Thumb Code     0  use_no_semi.o(.text)
    __use_no_semihosting_swi                 0x080004e7   Thumb Code     2  use_no_semi.o(.text)
    __aeabi_uldivmod                         0x080004e9   Thumb Code     0  lludivv7m.o(.text)
    _ll_udiv                                 0x080004e9   Thumb Code   238  lludivv7m.o(.text)
    __read_errno                             0x080005d7   Thumb Code    10  _rserrno.o(.text)
    __set_errno                              0x080005e1   Thumb Code    12  _rserrno.o(.text)
    _printf_int_common                       0x080005ed   Thumb Code   178  _printf_intcommon.o(.text)
    _printf_char_common                      0x080006ab   Thumb Code    32  _printf_char_common.o(.text)
    _printf_char_file                        0x080006d1   Thumb Code    32  _printf_char_file.o(.text)
    __aeabi_memclr                           0x080006f5   Thumb Code     0  rt_memclr.o(.text)
    __rt_memclr                              0x080006f5   Thumb Code    68  rt_memclr.o(.text)
    _memset                                  0x080006f9   Thumb Code     0  rt_memclr.o(.text)
    __aeabi_errno_addr                       0x08000739   Thumb Code     8  rt_errno_addr_intlibspace.o(.text)
    __errno$intlibspace                      0x08000739   Thumb Code     0  rt_errno_addr_intlibspace.o(.text)
    __rt_errno_addr$intlibspace              0x08000739   Thumb Code     0  rt_errno_addr_intlibspace.o(.text)
    ferror                                   0x08000741   Thumb Code     8  ferror.o(.text)
    __aeabi_memclr4                          0x08000749   Thumb Code     0  rt_memclr_w.o(.text)
    __aeabi_memclr8                          0x08000749   Thumb Code     0  rt_memclr_w.o(.text)
    __rt_memclr_w                            0x08000749   Thumb Code    78  rt_memclr_w.o(.text)
    _memset_w                                0x0800074d   Thumb Code     0  rt_memclr_w.o(.text)
    __user_libspace                          0x08000799   Thumb Code     8  libspace.o(.text)
    __user_perproc_libspace                  0x08000799   Thumb Code     0  libspace.o(.text)
    __user_perthread_libspace                0x08000799   Thumb Code     0  libspace.o(.text)
    __user_setup_stackheap                   0x080007a1   Thumb Code    74  sys_stackheap_outer.o(.text)
    exit                                     0x080007eb   Thumb Code    18  exit.o(.text)
    BusFault_Handler                         0x080007fd   Thumb Code     4  stm32f10x_it.o(i.BusFault_Handler)
    DebugMon_Handler                         0x08000801   Thumb Code     2  stm32f10x_it.o(i.DebugMon_Handler)
    GPIO_Init                                0x08000803   Thumb Code   278  stm32f10x_gpio.o(i.GPIO_Init)
    GPIO_PinRemapConfig                      0x08000919   Thumb Code   138  stm32f10x_gpio.o(i.GPIO_PinRemapConfig)
    HardFault_Handler                        0x080009a9   Thumb Code     4  stm32f10x_it.o(i.HardFault_Handler)
    IIC_Ack                                  0x080009ad   Thumb Code    66  myiic.o(i.IIC_Ack)
    IIC_Init                                 0x080009fd   Thumb Code    64  myiic.o(i.IIC_Init)
    IIC_NAck                                 0x08000a49   Thumb Code    66  myiic.o(i.IIC_NAck)
    IIC_Read_Byte                            0x08000a99   Thumb Code    98  myiic.o(i.IIC_Read_Byte)
    IIC_Send_Byte                            0x08000b09   Thumb Code    90  myiic.o(i.IIC_Send_Byte)
    IIC_Start                                0x08000b71   Thumb Code    64  myiic.o(i.IIC_Start)
    IIC_Stop                                 0x08000bbd   Thumb Code    62  myiic.o(i.IIC_Stop)
    IIC_Wait_Ack                             0x08000c09   Thumb Code    86  myiic.o(i.IIC_Wait_Ack)
    LED_1234                                 0x08000c6d   Thumb Code   152  control.o(i.LED_1234)
    LED_ctl                                  0x08000d0d   Thumb Code   110  led.o(i.LED_ctl)
    LED_init                                 0x08000d89   Thumb Code    46  led.o(i.LED_init)
    Light_Set                                0x08000dc1   Thumb Code    42  control.o(i.Light_Set)
    MPU_Read                                 0x08000df1   Thumb Code   114  mpu6050.o(i.MPU_Read)
    MPU_Write                                0x08000e63   Thumb Code   106  mpu6050.o(i.MPU_Write)
    MemManage_Handler                        0x08000ecd   Thumb Code     4  stm32f10x_it.o(i.MemManage_Handler)
    Motor1_set                               0x08000ed1   Thumb Code    74  control.o(i.Motor1_set)
    Motor2_set                               0x08000f2d   Thumb Code    56  control.o(i.Motor2_set)
    Motor3_set                               0x08000f71   Thumb Code    56  control.o(i.Motor3_set)
    Motor4_set                               0x08000fb5   Thumb Code    54  control.o(i.Motor4_set)
    Motor5_set                               0x08000ff9   Thumb Code    54  control.o(i.Motor5_set)
    Motor6_set                               0x0800103d   Thumb Code    56  control.o(i.Motor6_set)
    Motor7_set                               0x08001081   Thumb Code    56  control.o(i.Motor7_set)
    Motor8_set                               0x080010c5   Thumb Code    54  control.o(i.Motor8_set)
    Motor_1234                               0x08001109   Thumb Code   406  control.o(i.Motor_1234)
    Motor_5678                               0x080012b1   Thumb Code   290  control.o(i.Motor_5678)
    Motor_Init                               0x080013d3   Thumb Code   116  control.o(i.Motor_Init)
    NMI_Handler                              0x08001447   Thumb Code     2  stm32f10x_it.o(i.NMI_Handler)
    NVIC_Init                                0x08001449   Thumb Code   100  misc.o(i.NVIC_Init)
    PID_Calc                                 0x080014b9   Thumb Code   126  control.o(i.PID_Calc)
    PID_Control                              0x08001539   Thumb Code   108  control.o(i.PID_Control)
    PID_Init                                 0x080015c5   Thumb Code    62  control.o(i.PID_Init)
    PendSV_Handler                           0x08001619   Thumb Code     2  stm32f10x_it.o(i.PendSV_Handler)
    RCC_APB1PeriphClockCmd                   0x0800161d   Thumb Code    26  stm32f10x_rcc.o(i.RCC_APB1PeriphClockCmd)
    RCC_APB2PeriphClockCmd                   0x0800163d   Thumb Code    26  stm32f10x_rcc.o(i.RCC_APB2PeriphClockCmd)
    RCC_GetClocksFreq                        0x0800165d   Thumb Code   192  stm32f10x_rcc.o(i.RCC_GetClocksFreq)
    SVC_Handler                              0x08001731   Thumb Code     2  stm32f10x_it.o(i.SVC_Handler)
    SysTick_CLKSourceConfig                  0x0800181d   Thumb Code    40  misc.o(i.SysTick_CLKSourceConfig)
    SysTick_Handler                          0x08001845   Thumb Code     2  stm32f10x_it.o(i.SysTick_Handler)
    SystemInit                               0x08001849   Thumb Code    78  system_stm32f10x.o(i.SystemInit)
    TIM4_IRQHandler                          0x080018a9   Thumb Code    40  usart2.o(i.TIM4_IRQHandler)
    TIM4_Set                                 0x080018d9   Thumb Code    34  usart2.o(i.TIM4_Set)
    TIM5_IRQHandler                          0x08001901   Thumb Code    44  main.o(i.TIM5_IRQHandler)
    TIM5_SET                                 0x08001935   Thumb Code    14  timer.o(i.TIM5_SET)
    TIM_ARRPreloadConfig                     0x08001949   Thumb Code    24  stm32f10x_tim.o(i.TIM_ARRPreloadConfig)
    TIM_ClearITPendingBit                    0x08001961   Thumb Code     6  stm32f10x_tim.o(i.TIM_ClearITPendingBit)
    TIM_Cmd                                  0x08001967   Thumb Code    24  stm32f10x_tim.o(i.TIM_Cmd)
    TIM_CtrlPWMOutputs                       0x0800197f   Thumb Code    30  stm32f10x_tim.o(i.TIM_CtrlPWMOutputs)
    TIM_GetITStatus                          0x0800199d   Thumb Code    34  stm32f10x_tim.o(i.TIM_GetITStatus)
    TIM_ITConfig                             0x080019bf   Thumb Code    18  stm32f10x_tim.o(i.TIM_ITConfig)
    TIM_OC1Init                              0x080019d1   Thumb Code   132  stm32f10x_tim.o(i.TIM_OC1Init)
    TIM_OC1PreloadConfig                     0x08001a69   Thumb Code    18  stm32f10x_tim.o(i.TIM_OC1PreloadConfig)
    TIM_OC2Init                              0x08001a7d   Thumb Code   154  stm32f10x_tim.o(i.TIM_OC2Init)
    TIM_OC2PreloadConfig                     0x08001b21   Thumb Code    26  stm32f10x_tim.o(i.TIM_OC2PreloadConfig)
    TIM_OC3Init                              0x08001b3d   Thumb Code   150  stm32f10x_tim.o(i.TIM_OC3Init)
    TIM_OC3PreloadConfig                     0x08001bdd   Thumb Code    18  stm32f10x_tim.o(i.TIM_OC3PreloadConfig)
    TIM_OC4Init                              0x08001bf1   Thumb Code   114  stm32f10x_tim.o(i.TIM_OC4Init)
    TIM_OC4PreloadConfig                     0x08001c6d   Thumb Code    26  stm32f10x_tim.o(i.TIM_OC4PreloadConfig)
    TIM_SetCompare1                          0x08001c87   Thumb Code     4  stm32f10x_tim.o(i.TIM_SetCompare1)
    TIM_SetCompare2                          0x08001c8b   Thumb Code     4  stm32f10x_tim.o(i.TIM_SetCompare2)
    TIM_SetCompare3                          0x08001c8f   Thumb Code     4  stm32f10x_tim.o(i.TIM_SetCompare3)
    TIM_SetCompare4                          0x08001c93   Thumb Code     6  stm32f10x_tim.o(i.TIM_SetCompare4)
    TIM_SetCounter                           0x08001c99   Thumb Code     4  stm32f10x_tim.o(i.TIM_SetCounter)
    TIM_TimeBaseInit                         0x08001c9d   Thumb Code   122  stm32f10x_tim.o(i.TIM_TimeBaseInit)
    UART1_Receive                            0x08001d41   Thumb Code    86  usart.o(i.UART1_Receive)
    USART1_IRQHandler                        0x08001da5   Thumb Code   168  usart.o(i.USART1_IRQHandler)
    USART2_IRQHandler                        0x08001e5d   Thumb Code    82  usart2.o(i.USART2_IRQHandler)
    USART_ClearITPendingBit                  0x08001ec1   Thumb Code    30  stm32f10x_usart.o(i.USART_ClearITPendingBit)
    USART_Cmd                                0x08001edf   Thumb Code    24  stm32f10x_usart.o(i.USART_Cmd)
    USART_GetITStatus                        0x08001ef7   Thumb Code    84  stm32f10x_usart.o(i.USART_GetITStatus)
    USART_ITConfig                           0x08001f4b   Thumb Code    74  stm32f10x_usart.o(i.USART_ITConfig)
    USART_Init                               0x08001f95   Thumb Code   210  stm32f10x_usart.o(i.USART_Init)
    USART_ReceiveData                        0x0800206d   Thumb Code    10  stm32f10x_usart.o(i.USART_ReceiveData)
    UsageFault_Handler                       0x08002077   Thumb Code     4  stm32f10x_it.o(i.UsageFault_Handler)
    __ARM_fpclassify                         0x0800207b   Thumb Code    40  fpclassify.o(i.__ARM_fpclassify)
    __kernel_poly                            0x080020a3   Thumb Code   170  poly.o(i.__kernel_poly)
    __mathlib_dbl_infnan                     0x0800214d   Thumb Code     6  dunder.o(i.__mathlib_dbl_infnan)
    __mathlib_dbl_infnan2                    0x08002153   Thumb Code     4  dunder.o(i.__mathlib_dbl_infnan2)
    __mathlib_dbl_invalid                    0x08002157   Thumb Code    12  dunder.o(i.__mathlib_dbl_invalid)
    __mathlib_dbl_underflow                  0x08002165   Thumb Code    10  dunder.o(i.__mathlib_dbl_underflow)
    _is_digit                                0x08002175   Thumb Code    14  __printf_wp.o(i._is_digit)
    _sys_exit                                0x08002183   Thumb Code     4  usart.o(i._sys_exit)
    asin                                     0x08002231   Thumb Code   572  asin.o(i.asin)
    atan                                     0x080024a1   Thumb Code   474  atan.o(i.atan)
    atan2                                    0x080026c1   Thumb Code   346  atan2.o(i.atan2)
    delay_init                               0x080028a5   Thumb Code    50  delay.o(i.delay_init)
    delay_ms                                 0x080028e9   Thumb Code    72  delay.o(i.delay_ms)
    delay_us                                 0x08002935   Thumb Code    72  delay.o(i.delay_us)
    dmp_enable_6x_lp_quat                    0x08002981   Thumb Code    60  inv_mpu_dmp_motion_driver.o(i.dmp_enable_6x_lp_quat)
    dmp_enable_feature                       0x080029bd   Thumb Code   530  inv_mpu_dmp_motion_driver.o(i.dmp_enable_feature)
    dmp_enable_gyro_cal                      0x08002bd9   Thumb Code    62  inv_mpu_dmp_motion_driver.o(i.dmp_enable_gyro_cal)
    dmp_enable_lp_quat                       0x08002c31   Thumb Code    60  inv_mpu_dmp_motion_driver.o(i.dmp_enable_lp_quat)
    dmp_load_motion_driver_firmware          0x08002c6d   Thumb Code    20  inv_mpu_dmp_motion_driver.o(i.dmp_load_motion_driver_firmware)
    dmp_read_fifo                            0x08002c85   Thumb Code   456  inv_mpu_dmp_motion_driver.o(i.dmp_read_fifo)
    dmp_set_accel_bias                       0x08002e51   Thumb Code   300  inv_mpu_dmp_motion_driver.o(i.dmp_set_accel_bias)
    dmp_set_fifo_rate                        0x08002f81   Thumb Code    96  inv_mpu_dmp_motion_driver.o(i.dmp_set_fifo_rate)
    dmp_set_gyro_bias                        0x08002ff1   Thumb Code   294  inv_mpu_dmp_motion_driver.o(i.dmp_set_gyro_bias)
    dmp_set_orientation                      0x08003121   Thumb Code   290  inv_mpu_dmp_motion_driver.o(i.dmp_set_orientation)
    dmp_set_shake_reject_thresh              0x08003259   Thumb Code    56  inv_mpu_dmp_motion_driver.o(i.dmp_set_shake_reject_thresh)
    dmp_set_shake_reject_time                0x08003291   Thumb Code    38  inv_mpu_dmp_motion_driver.o(i.dmp_set_shake_reject_time)
    dmp_set_shake_reject_timeout             0x080032b7   Thumb Code    38  inv_mpu_dmp_motion_driver.o(i.dmp_set_shake_reject_timeout)
    dmp_set_tap_axes                         0x080032dd   Thumb Code    70  inv_mpu_dmp_motion_driver.o(i.dmp_set_tap_axes)
    dmp_set_tap_count                        0x08003323   Thumb Code    38  inv_mpu_dmp_motion_driver.o(i.dmp_set_tap_count)
    dmp_set_tap_thresh                       0x08003349   Thumb Code   396  inv_mpu_dmp_motion_driver.o(i.dmp_set_tap_thresh)
    dmp_set_tap_time                         0x080034e9   Thumb Code    38  inv_mpu_dmp_motion_driver.o(i.dmp_set_tap_time)
    dmp_set_tap_time_multi                   0x0800350f   Thumb Code    38  inv_mpu_dmp_motion_driver.o(i.dmp_set_tap_time_multi)
    fputc                                    0x08003535   Thumb Code    24  usart.o(i.fputc)
    inv_orientation_matrix_to_scalar         0x08003b85   Thumb Code    40  inv_mpu.o(i.inv_orientation_matrix_to_scalar)
    inv_row_2_scale                          0x08003bad   Thumb Code    78  inv_mpu.o(i.inv_row_2_scale)
    main                                     0x08003bfd   Thumb Code   198  main.o(i.main)
    mget_ms                                  0x08003cd5   Thumb Code     2  inv_mpu.o(i.mget_ms)
    mpu_configure_fifo                       0x08003cd9   Thumb Code   106  inv_mpu.o(i.mpu_configure_fifo)
    mpu_dmp_get_data                         0x08003d49   Thumb Code   536  inv_mpu.o(i.mpu_dmp_get_data)
    mpu_dmp_init                             0x08003f65   Thumb Code   154  inv_mpu.o(i.mpu_dmp_init)
    mpu_get_accel_fsr                        0x08004005   Thumb Code    72  inv_mpu.o(i.mpu_get_accel_fsr)
    mpu_get_accel_sens                       0x08004051   Thumb Code    78  inv_mpu.o(i.mpu_get_accel_sens)
    mpu_get_fifo_config                      0x080040a5   Thumb Code    12  inv_mpu.o(i.mpu_get_fifo_config)
    mpu_get_gyro_fsr                         0x080040b5   Thumb Code    64  inv_mpu.o(i.mpu_get_gyro_fsr)
    mpu_get_gyro_sens                        0x080040f9   Thumb Code    58  inv_mpu.o(i.mpu_get_gyro_sens)
    mpu_get_lpf                              0x08004149   Thumb Code    74  inv_mpu.o(i.mpu_get_lpf)
    mpu_get_sample_rate                      0x08004199   Thumb Code    26  inv_mpu.o(i.mpu_get_sample_rate)
    mpu_init                                 0x080041b9   Thumb Code   416  inv_mpu.o(i.mpu_init)
    mpu_load_firmware                        0x080043a9   Thumb Code   180  inv_mpu.o(i.mpu_load_firmware)
    mpu_lp_accel_mode                        0x08004461   Thumb Code   218  inv_mpu.o(i.mpu_lp_accel_mode)
    mpu_read_fifo_stream                     0x08004541   Thumb Code   186  inv_mpu.o(i.mpu_read_fifo_stream)
    mpu_read_mem                             0x08004601   Thumb Code   122  inv_mpu.o(i.mpu_read_mem)
    mpu_reset_fifo                           0x08004681   Thumb Code   450  inv_mpu.o(i.mpu_reset_fifo)
    mpu_run_self_test                        0x08004849   Thumb Code   278  inv_mpu.o(i.mpu_run_self_test)
    mpu_set_accel_fsr                        0x08004965   Thumb Code   126  inv_mpu.o(i.mpu_set_accel_fsr)
    mpu_set_bypass                           0x080049e9   Thumb Code   328  inv_mpu.o(i.mpu_set_bypass)
    mpu_set_dmp_state                        0x08004b35   Thumb Code   138  inv_mpu.o(i.mpu_set_dmp_state)
    mpu_set_gyro_fsr                         0x08004bc5   Thumb Code   132  inv_mpu.o(i.mpu_set_gyro_fsr)
    mpu_set_int_latched                      0x08004c4d   Thumb Code   102  inv_mpu.o(i.mpu_set_int_latched)
    mpu_set_lpf                              0x08004cb9   Thumb Code   126  inv_mpu.o(i.mpu_set_lpf)
    mpu_set_sample_rate                      0x08004d3d   Thumb Code   152  inv_mpu.o(i.mpu_set_sample_rate)
    mpu_set_sensors                          0x08004dd9   Thumb Code   202  inv_mpu.o(i.mpu_set_sensors)
    mpu_write_mem                            0x08004ea9   Thumb Code   122  inv_mpu.o(i.mpu_write_mem)
    myTIMER1_PWM_Init                        0x08004f29   Thumb Code   262  timer.o(i.myTIMER1_PWM_Init)
    myTIMER3_PWM_Init                        0x0800503d   Thumb Code   274  timer.o(i.myTIMER3_PWM_Init)
    myTIMER4_Init                            0x0800515d   Thumb Code   178  timer.o(i.myTIMER4_Init)
    myTIMER5_Init                            0x08005219   Thumb Code   166  timer.o(i.myTIMER5_Init)
    run_self_test                            0x080052c9   Thumb Code   148  inv_mpu.o(i.run_self_test)
    sqrt                                     0x080053ed   Thumb Code    76  sqrt.o(i.sqrt)
    uart_init                                0x08005439   Thumb Code   160  usart.o(i.uart_init)
    verify                                   0x080054e1   Thumb Code    40  usart.o(i.verify)
    __aeabi_d2f                              0x08005509   Thumb Code     0  d2f.o(x$fpl$d2f)
    _d2f                                     0x08005509   Thumb Code    98  d2f.o(x$fpl$d2f)
    __aeabi_dadd                             0x0800556d   Thumb Code     0  daddsub_clz.o(x$fpl$dadd)
    _dadd                                    0x0800556d   Thumb Code   332  daddsub_clz.o(x$fpl$dadd)
    __fpl_dcheck_NaN1                        0x080056bd   Thumb Code    10  dcheck1.o(x$fpl$dcheck1)
    __aeabi_ddiv                             0x080056cd   Thumb Code     0  ddiv.o(x$fpl$ddiv)
    _ddiv                                    0x080056cd   Thumb Code   552  ddiv.o(x$fpl$ddiv)
    __aeabi_dmul                             0x0800597d   Thumb Code     0  dmul.o(x$fpl$dmul)
    _dmul                                    0x0800597d   Thumb Code   332  dmul.o(x$fpl$dmul)
    __fpl_dnaninf                            0x08005ad1   Thumb Code   156  dnaninf.o(x$fpl$dnaninf)
    __fpl_dretinf                            0x08005b6d   Thumb Code    12  dretinf.o(x$fpl$dretinf)
    __aeabi_drsub                            0x08005b79   Thumb Code     0  daddsub_clz.o(x$fpl$drsb)
    _drsb                                    0x08005b79   Thumb Code    22  daddsub_clz.o(x$fpl$drsb)
    _dsqrt                                   0x08005b91   Thumb Code   456  dsqrt_noumaal.o(x$fpl$dsqrt)
    __aeabi_dsub                             0x08005d5d   Thumb Code     0  daddsub_clz.o(x$fpl$dsub)
    _dsub                                    0x08005d5d   Thumb Code   464  daddsub_clz.o(x$fpl$dsub)
    __aeabi_f2d                              0x08005f31   Thumb Code     0  f2d.o(x$fpl$f2d)
    _f2d                                     0x08005f31   Thumb Code    86  f2d.o(x$fpl$f2d)
    __aeabi_fadd                             0x08005f89   Thumb Code     0  faddsub_clz.o(x$fpl$fadd)
    _fadd                                    0x08005f89   Thumb Code   196  faddsub_clz.o(x$fpl$fadd)
    __fpl_fcmp_Inf                           0x0800604d   Thumb Code    24  fcmpi.o(x$fpl$fcmpinf)
    __aeabi_fdiv                             0x08006065   Thumb Code     0  fdiv.o(x$fpl$fdiv)
    _fdiv                                    0x08006065   Thumb Code   384  fdiv.o(x$fpl$fdiv)
    __aeabi_cfcmpeq                          0x080061e9   Thumb Code     0  feqf.o(x$fpl$feqf)
    _fcmpeq                                  0x080061e9   Thumb Code   104  feqf.o(x$fpl$feqf)
    __aeabi_f2iz                             0x08006251   Thumb Code     0  ffix.o(x$fpl$ffix)
    _ffix                                    0x08006251   Thumb Code    54  ffix.o(x$fpl$ffix)
    __aeabi_f2uiz                            0x08006289   Thumb Code     0  ffixu.o(x$fpl$ffixu)
    _ffixu                                   0x08006289   Thumb Code    62  ffixu.o(x$fpl$ffixu)
    __aeabi_i2f                              0x080062c9   Thumb Code     0  fflt_clz.o(x$fpl$fflt)
    _fflt                                    0x080062c9   Thumb Code    48  fflt_clz.o(x$fpl$fflt)
    __aeabi_ui2f                             0x080062f9   Thumb Code     0  fflt_clz.o(x$fpl$ffltu)
    _ffltu                                   0x080062f9   Thumb Code    38  fflt_clz.o(x$fpl$ffltu)
    __aeabi_cfcmple                          0x08006321   Thumb Code     0  fleqf.o(x$fpl$fleqf)
    _fcmple                                  0x08006321   Thumb Code   104  fleqf.o(x$fpl$fleqf)
    __fpl_fcmple_InfNaN                      0x08006373   Thumb Code     0  fleqf.o(x$fpl$fleqf)
    __aeabi_fmul                             0x08006389   Thumb Code     0  fmul.o(x$fpl$fmul)
    _fmul                                    0x08006389   Thumb Code   258  fmul.o(x$fpl$fmul)
    __fpl_fnaninf                            0x0800648b   Thumb Code   140  fnaninf.o(x$fpl$fnaninf)
    __fpl_fretinf                            0x08006517   Thumb Code    10  fretinf.o(x$fpl$fretinf)
    __aeabi_cfrcmple                         0x08006521   Thumb Code     0  frleqf.o(x$fpl$frleqf)
    _frcmple                                 0x08006521   Thumb Code    98  frleqf.o(x$fpl$frleqf)
    __aeabi_fsub                             0x08006585   Thumb Code     0  faddsub_clz.o(x$fpl$fsub)
    _fsub                                    0x08006585   Thumb Code   234  faddsub_clz.o(x$fpl$fsub)
    __fpl_return_NaN                         0x0800666f   Thumb Code   100  retnan.o(x$fpl$retnan)
    __ARM_scalbn                             0x080066d3   Thumb Code    92  scalbn.o(x$fpl$scalbn)
    __fpl_cmpreturn                          0x0800672f   Thumb Code    48  trapv.o(x$fpl$trapveneer)
    __I$use$fp                               0x0800675e   Number         0  usenofp.o(x$fpl$usenofp)
    reg                                      0x08006760   Data          27  inv_mpu.o(.constdata)
    hw                                       0x0800677c   Data          12  inv_mpu.o(.constdata)
    test                                     0x08006788   Data          40  inv_mpu.o(.constdata)
    __mathlib_zero                           0x080074a0   Data           8  qnan.o(.constdata)
    Region$$Table$$Base                      0x080074f8   Number         0  anon$$obj.o(Region$$Table)
    Region$$Table$$Limit                     0x08007518   Number         0  anon$$obj.o(Region$$Table)
    flag                                     0x20000000   Data           1  main.o(.data)
    last                                     0x20000001   Data           1  main.o(.data)
    pidcal20ms                               0x20000002   Data           1  main.o(.data)
    check                                    0x20000003   Data           1  main.o(.data)
    testled                                  0x20000004   Data           1  main.o(.data)
    SystemCoreClock                          0x20000008   Data           4  system_stm32f10x.o(.data)
    AHBPrescTable                            0x2000000c   Data          16  system_stm32f10x.o(.data)
    __stdout                                 0x20000034   Data           4  usart.o(.data)
    USART_RX_STA                             0x20000038   Data           2  usart.o(.data)
    cmd_flag                                 0x2000003a   Data           1  usart.o(.data)
    sum                                      0x2000003c   Data           4  usart.o(.data)
    USART2_RX_STA                            0x20000076   Data           2  usart2.o(.data)
    standPWM                                 0x20000078   Data           2  control.o(.data)
    MAX                                      0x2000007a   Data           1  control.o(.data)
    moto1                                    0x2000007c   Data           4  control.o(.data)
    moto2                                    0x20000080   Data           4  control.o(.data)
    moto3                                    0x20000084   Data           4  control.o(.data)
    moto4                                    0x20000088   Data           4  control.o(.data)
    T                                        0x2000008c   Data           4  control.o(.data)
    test1                                    0x20000090   Data           4  control.o(.data)
    test2                                    0x20000094   Data           4  control.o(.data)
    test3                                    0x20000098   Data           4  control.o(.data)
    Con_Info                                 0x2000009c   Data          16  main.o(.bss)
    USART_RX_BUF                             0x200000ac   Data          21  usart.o(.bss)
    USART2_TX_BUF                            0x200000d8   Data         200  usart2.o(.bss)
    USART2_RX_BUF                            0x200001a0   Data         200  usart2.o(.bss)
    PID_ROL                                  0x20000268   Data          40  control.o(.bss)
    PID_PIT                                  0x20000290   Data          40  control.o(.bss)
    Angle                                    0x200002b8   Data          12  control.o(.bss)
    Target                                   0x200002c4   Data          12  control.o(.bss)
    __libspace_start                         0x200002d0   Data          96  libspace.o(.bss)
    __temporary_stack_top$libspace           0x20000330   Data           0  libspace.o(.bss)



==============================================================================

Memory Map of the image

  Image Entry point : 0x08000131

  Load Region LR_IROM1 (Base: 0x08000000, Size: 0x000075b4, Max: 0x00080000, ABSOLUTE)

    Execution Region ER_IROM1 (Base: 0x08000000, Size: 0x00007518, Max: 0x00080000, ABSOLUTE)

    Base Addr    Size         Type   Attr      Idx    E Section Name        Object

    0x08000000   0x00000130   Data   RO          302    RESET               startup_stm32f10x_hd.o
    0x08000130   0x00000008   Code   RO         4347  * !!!main             c_w.l(__main.o)
    0x08000138   0x00000034   Code   RO         4761    !!!scatter          c_w.l(__scatter.o)
    0x0800016c   0x0000001a   Code   RO         4763    !!handler_copy      c_w.l(__scatter_copy.o)
    0x08000186   0x00000002   PAD
    0x08000188   0x0000001c   Code   RO         4765    !!handler_zi        c_w.l(__scatter_zi.o)
    0x080001a4   0x00000000   Code   RO         4338    .ARM.Collect$$_printf_percent$$00000000  c_w.l(_printf_percent.o)
    0x080001a4   0x00000006   Code   RO         4337    .ARM.Collect$$_printf_percent$$00000009  c_w.l(_printf_d.o)
    0x080001aa   0x00000004   Code   RO         4448    .ARM.Collect$$_printf_percent$$00000017  c_w.l(_printf_percent_end.o)
    0x080001ae   0x00000002   Code   RO         4621    .ARM.Collect$$libinit$$00000000  c_w.l(libinit.o)
    0x080001b0   0x00000000   Code   RO         4640    .ARM.Collect$$libinit$$00000002  c_w.l(libinit2.o)
    0x080001b0   0x00000000   Code   RO         4642    .ARM.Collect$$libinit$$00000004  c_w.l(libinit2.o)
    0x080001b0   0x00000000   Code   RO         4645    .ARM.Collect$$libinit$$0000000A  c_w.l(libinit2.o)
    0x080001b0   0x00000000   Code   RO         4647    .ARM.Collect$$libinit$$0000000C  c_w.l(libinit2.o)
    0x080001b0   0x00000000   Code   RO         4649    .ARM.Collect$$libinit$$0000000E  c_w.l(libinit2.o)
    0x080001b0   0x00000000   Code   RO         4652    .ARM.Collect$$libinit$$00000011  c_w.l(libinit2.o)
    0x080001b0   0x00000000   Code   RO         4654    .ARM.Collect$$libinit$$00000013  c_w.l(libinit2.o)
    0x080001b0   0x00000000   Code   RO         4656    .ARM.Collect$$libinit$$00000015  c_w.l(libinit2.o)
    0x080001b0   0x00000000   Code   RO         4658    .ARM.Collect$$libinit$$00000017  c_w.l(libinit2.o)
    0x080001b0   0x00000000   Code   RO         4660    .ARM.Collect$$libinit$$00000019  c_w.l(libinit2.o)
    0x080001b0   0x00000000   Code   RO         4662    .ARM.Collect$$libinit$$0000001B  c_w.l(libinit2.o)
    0x080001b0   0x00000000   Code   RO         4664    .ARM.Collect$$libinit$$0000001D  c_w.l(libinit2.o)
    0x080001b0   0x00000000   Code   RO         4666    .ARM.Collect$$libinit$$0000001F  c_w.l(libinit2.o)
    0x080001b0   0x00000000   Code   RO         4668    .ARM.Collect$$libinit$$00000021  c_w.l(libinit2.o)
    0x080001b0   0x00000000   Code   RO         4670    .ARM.Collect$$libinit$$00000023  c_w.l(libinit2.o)
    0x080001b0   0x00000000   Code   RO         4672    .ARM.Collect$$libinit$$00000025  c_w.l(libinit2.o)
    0x080001b0   0x00000000   Code   RO         4676    .ARM.Collect$$libinit$$0000002C  c_w.l(libinit2.o)
    0x080001b0   0x00000000   Code   RO         4678    .ARM.Collect$$libinit$$0000002E  c_w.l(libinit2.o)
    0x080001b0   0x00000000   Code   RO         4680    .ARM.Collect$$libinit$$00000030  c_w.l(libinit2.o)
    0x080001b0   0x00000000   Code   RO         4682    .ARM.Collect$$libinit$$00000032  c_w.l(libinit2.o)
    0x080001b0   0x00000002   Code   RO         4683    .ARM.Collect$$libinit$$00000033  c_w.l(libinit2.o)
    0x080001b2   0x00000002   Code   RO         4713    .ARM.Collect$$libshutdown$$00000000  c_w.l(libshutdown.o)
    0x080001b4   0x00000000   Code   RO         4727    .ARM.Collect$$libshutdown$$00000002  c_w.l(libshutdown2.o)
    0x080001b4   0x00000000   Code   RO         4729    .ARM.Collect$$libshutdown$$00000004  c_w.l(libshutdown2.o)
    0x080001b4   0x00000000   Code   RO         4732    .ARM.Collect$$libshutdown$$00000007  c_w.l(libshutdown2.o)
    0x080001b4   0x00000000   Code   RO         4735    .ARM.Collect$$libshutdown$$0000000A  c_w.l(libshutdown2.o)
    0x080001b4   0x00000000   Code   RO         4737    .ARM.Collect$$libshutdown$$0000000C  c_w.l(libshutdown2.o)
    0x080001b4   0x00000000   Code   RO         4740    .ARM.Collect$$libshutdown$$0000000F  c_w.l(libshutdown2.o)
    0x080001b4   0x00000002   Code   RO         4741    .ARM.Collect$$libshutdown$$00000010  c_w.l(libshutdown2.o)
    0x080001b6   0x00000000   Code   RO         4407    .ARM.Collect$$rtentry$$00000000  c_w.l(__rtentry.o)
    0x080001b6   0x00000000   Code   RO         4523    .ARM.Collect$$rtentry$$00000002  c_w.l(__rtentry2.o)
    0x080001b6   0x00000006   Code   RO         4535    .ARM.Collect$$rtentry$$00000004  c_w.l(__rtentry4.o)
    0x080001bc   0x00000000   Code   RO         4525    .ARM.Collect$$rtentry$$00000009  c_w.l(__rtentry2.o)
    0x080001bc   0x00000004   Code   RO         4526    .ARM.Collect$$rtentry$$0000000A  c_w.l(__rtentry2.o)
    0x080001c0   0x00000000   Code   RO         4528    .ARM.Collect$$rtentry$$0000000C  c_w.l(__rtentry2.o)
    0x080001c0   0x00000008   Code   RO         4529    .ARM.Collect$$rtentry$$0000000D  c_w.l(__rtentry2.o)
    0x080001c8   0x00000002   Code   RO         4628    .ARM.Collect$$rtexit$$00000000  c_w.l(rtexit.o)
    0x080001ca   0x00000000   Code   RO         4687    .ARM.Collect$$rtexit$$00000002  c_w.l(rtexit2.o)
    0x080001ca   0x00000004   Code   RO         4688    .ARM.Collect$$rtexit$$00000003  c_w.l(rtexit2.o)
    0x080001ce   0x00000006   Code   RO         4689    .ARM.Collect$$rtexit$$00000004  c_w.l(rtexit2.o)
    0x080001d4   0x00000040   Code   RO          303    .text               startup_stm32f10x_hd.o
    0x08000214   0x00000002   Code   RO         4279    .text               c_w.l(use_no_semi_2.o)
    0x08000216   0x00000048   Code   RO         4281    .text               c_w.l(llsdiv.o)
    0x0800025e   0x00000002   PAD
    0x08000260   0x00000018   Code   RO         4285    .text               c_w.l(__2printf.o)
    0x08000278   0x00000078   Code   RO         4293    .text               c_w.l(_printf_dec.o)
    0x080002f0   0x00000188   Code   RO         4333    .text               c_w.l(__printf_flags_ss_wp.o)
    0x08000478   0x00000058   Code   RO         4339    .text               c_w.l(memcmp.o)
    0x080004d0   0x00000010   Code   RO         4343    .text               c_w.l(aeabi_memset.o)
    0x080004e0   0x00000006   Code   RO         4345    .text               c_w.l(heapauxi.o)
    0x080004e6   0x00000002   Code   RO         4405    .text               c_w.l(use_no_semi.o)
    0x080004e8   0x000000ee   Code   RO         4408    .text               c_w.l(lludivv7m.o)
    0x080005d6   0x00000016   Code   RO         4410    .text               c_w.l(_rserrno.o)
    0x080005ec   0x000000b2   Code   RO         4416    .text               c_w.l(_printf_intcommon.o)
    0x0800069e   0x00000002   PAD
    0x080006a0   0x00000030   Code   RO         4420    .text               c_w.l(_printf_char_common.o)
    0x080006d0   0x00000024   Code   RO         4424    .text               c_w.l(_printf_char_file.o)
    0x080006f4   0x00000044   Code   RO         4458    .text               c_w.l(rt_memclr.o)
    0x08000738   0x00000008   Code   RO         4544    .text               c_w.l(rt_errno_addr_intlibspace.o)
    0x08000740   0x00000008   Code   RO         4556    .text               c_w.l(ferror.o)
    0x08000748   0x0000004e   Code   RO         4562    .text               c_w.l(rt_memclr_w.o)
    0x08000796   0x00000002   PAD
    0x08000798   0x00000008   Code   RO         4570    .text               c_w.l(libspace.o)
    0x080007a0   0x0000004a   Code   RO         4573    .text               c_w.l(sys_stackheap_outer.o)
    0x080007ea   0x00000012   Code   RO         4614    .text               c_w.l(exit.o)
    0x080007fc   0x00000004   Code   RO          222    i.BusFault_Handler  stm32f10x_it.o
    0x08000800   0x00000002   Code   RO          223    i.DebugMon_Handler  stm32f10x_it.o
    0x08000802   0x00000116   Code   RO         1458    i.GPIO_Init         stm32f10x_gpio.o
    0x08000918   0x00000090   Code   RO         1460    i.GPIO_PinRemapConfig  stm32f10x_gpio.o
    0x080009a8   0x00000004   Code   RO          224    i.HardFault_Handler  stm32f10x_it.o
    0x080009ac   0x00000050   Code   RO         3977    i.IIC_Ack           myiic.o
    0x080009fc   0x0000004c   Code   RO         3978    i.IIC_Init          myiic.o
    0x08000a48   0x00000050   Code   RO         3979    i.IIC_NAck          myiic.o
    0x08000a98   0x00000070   Code   RO         3980    i.IIC_Read_Byte     myiic.o
    0x08000b08   0x00000068   Code   RO         3981    i.IIC_Send_Byte     myiic.o
    0x08000b70   0x0000004c   Code   RO         3982    i.IIC_Start         myiic.o
    0x08000bbc   0x0000004c   Code   RO         3983    i.IIC_Stop          myiic.o
    0x08000c08   0x00000064   Code   RO         3984    i.IIC_Wait_Ack      myiic.o
    0x08000c6c   0x000000a0   Code   RO         4162    i.LED_1234          control.o
    0x08000d0c   0x0000007c   Code   RO            1    i.LED_ctl           led.o
    0x08000d88   0x00000038   Code   RO            2    i.LED_init          led.o
    0x08000dc0   0x00000030   Code   RO         4163    i.Light_Set         control.o
    0x08000df0   0x00000072   Code   RO         4089    i.MPU_Read          mpu6050.o
    0x08000e62   0x0000006a   Code   RO         4091    i.MPU_Write         mpu6050.o
    0x08000ecc   0x00000004   Code   RO          225    i.MemManage_Handler  stm32f10x_it.o
    0x08000ed0   0x0000005c   Code   RO         4164    i.Motor1_set        control.o
    0x08000f2c   0x00000044   Code   RO         4165    i.Motor2_set        control.o
    0x08000f70   0x00000044   Code   RO         4166    i.Motor3_set        control.o
    0x08000fb4   0x00000044   Code   RO         4167    i.Motor4_set        control.o
    0x08000ff8   0x00000044   Code   RO         4168    i.Motor5_set        control.o
    0x0800103c   0x00000044   Code   RO         4169    i.Motor6_set        control.o
    0x08001080   0x00000044   Code   RO         4170    i.Motor7_set        control.o
    0x080010c4   0x00000044   Code   RO         4171    i.Motor8_set        control.o
    0x08001108   0x000001a8   Code   RO         4172    i.Motor_1234        control.o
    0x080012b0   0x00000122   Code   RO         4173    i.Motor_5678        control.o
    0x080013d2   0x00000074   Code   RO         4174    i.Motor_Init        control.o
    0x08001446   0x00000002   Code   RO          226    i.NMI_Handler       stm32f10x_it.o
    0x08001448   0x00000070   Code   RO          307    i.NVIC_Init         misc.o
    0x080014b8   0x0000007e   Code   RO         4175    i.PID_Calc          control.o
    0x08001536   0x00000002   PAD
    0x08001538   0x0000008c   Code   RO         4176    i.PID_Control       control.o
    0x080015c4   0x00000054   Code   RO         4177    i.PID_Init          control.o
    0x08001618   0x00000002   Code   RO          227    i.PendSV_Handler    stm32f10x_it.o
    0x0800161a   0x00000002   PAD
    0x0800161c   0x00000020   Code   RO         1874    i.RCC_APB1PeriphClockCmd  stm32f10x_rcc.o
    0x0800163c   0x00000020   Code   RO         1876    i.RCC_APB2PeriphClockCmd  stm32f10x_rcc.o
    0x0800165c   0x000000d4   Code   RO         1884    i.RCC_GetClocksFreq  stm32f10x_rcc.o
    0x08001730   0x00000002   Code   RO          228    i.SVC_Handler       stm32f10x_it.o
    0x08001732   0x00000008   Code   RO          166    i.SetSysClock       system_stm32f10x.o
    0x0800173a   0x00000002   PAD
    0x0800173c   0x000000e0   Code   RO          167    i.SetSysClockTo72   system_stm32f10x.o
    0x0800181c   0x00000028   Code   RO          311    i.SysTick_CLKSourceConfig  misc.o
    0x08001844   0x00000002   Code   RO          229    i.SysTick_Handler   stm32f10x_it.o
    0x08001846   0x00000002   PAD
    0x08001848   0x00000060   Code   RO          169    i.SystemInit        system_stm32f10x.o
    0x080018a8   0x00000030   Code   RO         3902    i.TIM4_IRQHandler   usart2.o
    0x080018d8   0x00000028   Code   RO         3904    i.TIM4_Set          usart2.o
    0x08001900   0x00000034   Code   RO          113    i.TIM5_IRQHandler   main.o
    0x08001934   0x00000014   Code   RO         4126    i.TIM5_SET          timer.o
    0x08001948   0x00000018   Code   RO         2496    i.TIM_ARRPreloadConfig  stm32f10x_tim.o
    0x08001960   0x00000006   Code   RO         2503    i.TIM_ClearITPendingBit  stm32f10x_tim.o
    0x08001966   0x00000018   Code   RO         2508    i.TIM_Cmd           stm32f10x_tim.o
    0x0800197e   0x0000001e   Code   RO         2510    i.TIM_CtrlPWMOutputs  stm32f10x_tim.o
    0x0800199c   0x00000022   Code   RO         2529    i.TIM_GetITStatus   stm32f10x_tim.o
    0x080019be   0x00000012   Code   RO         2533    i.TIM_ITConfig      stm32f10x_tim.o
    0x080019d0   0x00000098   Code   RO         2537    i.TIM_OC1Init       stm32f10x_tim.o
    0x08001a68   0x00000012   Code   RO         2540    i.TIM_OC1PreloadConfig  stm32f10x_tim.o
    0x08001a7a   0x00000002   PAD
    0x08001a7c   0x000000a4   Code   RO         2542    i.TIM_OC2Init       stm32f10x_tim.o
    0x08001b20   0x0000001a   Code   RO         2545    i.TIM_OC2PreloadConfig  stm32f10x_tim.o
    0x08001b3a   0x00000002   PAD
    0x08001b3c   0x000000a0   Code   RO         2547    i.TIM_OC3Init       stm32f10x_tim.o
    0x08001bdc   0x00000012   Code   RO         2550    i.TIM_OC3PreloadConfig  stm32f10x_tim.o
    0x08001bee   0x00000002   PAD
    0x08001bf0   0x0000007c   Code   RO         2552    i.TIM_OC4Init       stm32f10x_tim.o
    0x08001c6c   0x0000001a   Code   RO         2554    i.TIM_OC4PreloadConfig  stm32f10x_tim.o
    0x08001c86   0x00000004   Code   RO         2569    i.TIM_SetCompare1   stm32f10x_tim.o
    0x08001c8a   0x00000004   Code   RO         2570    i.TIM_SetCompare2   stm32f10x_tim.o
    0x08001c8e   0x00000004   Code   RO         2571    i.TIM_SetCompare3   stm32f10x_tim.o
    0x08001c92   0x00000006   Code   RO         2572    i.TIM_SetCompare4   stm32f10x_tim.o
    0x08001c98   0x00000004   Code   RO         2573    i.TIM_SetCounter    stm32f10x_tim.o
    0x08001c9c   0x000000a4   Code   RO         2579    i.TIM_TimeBaseInit  stm32f10x_tim.o
    0x08001d40   0x00000064   Code   RO         3328    i.UART1_Receive     usart.o
    0x08001da4   0x000000b8   Code   RO         3329    i.USART1_IRQHandler  usart.o
    0x08001e5c   0x00000064   Code   RO         3908    i.USART2_IRQHandler  usart2.o
    0x08001ec0   0x0000001e   Code   RO         3041    i.USART_ClearITPendingBit  stm32f10x_usart.o
    0x08001ede   0x00000018   Code   RO         3044    i.USART_Cmd         stm32f10x_usart.o
    0x08001ef6   0x00000054   Code   RO         3048    i.USART_GetITStatus  stm32f10x_usart.o
    0x08001f4a   0x0000004a   Code   RO         3050    i.USART_ITConfig    stm32f10x_usart.o
    0x08001f94   0x000000d8   Code   RO         3051    i.USART_Init        stm32f10x_usart.o
    0x0800206c   0x0000000a   Code   RO         3058    i.USART_ReceiveData  stm32f10x_usart.o
    0x08002076   0x00000004   Code   RO          230    i.UsageFault_Handler  stm32f10x_it.o
    0x0800207a   0x00000028   Code   RO         4509    i.__ARM_fpclassify  m_ws.l(fpclassify.o)
    0x080020a2   0x000000aa   Code   RO         4511    i.__kernel_poly     m_ws.l(poly.o)
    0x0800214c   0x00000006   Code   RO         4496    i.__mathlib_dbl_infnan  m_ws.l(dunder.o)
    0x08002152   0x00000004   Code   RO         4497    i.__mathlib_dbl_infnan2  m_ws.l(dunder.o)
    0x08002156   0x0000000c   Code   RO         4498    i.__mathlib_dbl_invalid  m_ws.l(dunder.o)
    0x08002162   0x00000002   PAD
    0x08002164   0x00000010   Code   RO         4501    i.__mathlib_dbl_underflow  m_ws.l(dunder.o)
    0x08002174   0x0000000e   Code   RO         4326    i._is_digit         c_w.l(__printf_wp.o)
    0x08002182   0x00000004   Code   RO         3330    i._sys_exit         usart.o
    0x08002186   0x00000002   PAD
    0x08002188   0x000000a8   Code   RO         3382    i.accel_self_test   inv_mpu.o
    0x08002230   0x00000270   Code   RO         4388    i.asin              m_ws.l(asin.o)
    0x080024a0   0x00000220   Code   RO         4486    i.atan              m_ws.l(atan.o)
    0x080026c0   0x00000180   Code   RO         4398    i.atan2             m_ws.l(atan2.o)
    0x08002840   0x00000064   Code   RO         3716    i.decode_gesture    inv_mpu_dmp_motion_driver.o
    0x080028a4   0x00000044   Code   RO         3274    i.delay_init        delay.o
    0x080028e8   0x0000004c   Code   RO         3275    i.delay_ms          delay.o
    0x08002934   0x0000004c   Code   RO         3276    i.delay_us          delay.o
    0x08002980   0x0000003c   Code   RO         3717    i.dmp_enable_6x_lp_quat  inv_mpu_dmp_motion_driver.o
    0x080029bc   0x0000021c   Code   RO         3718    i.dmp_enable_feature  inv_mpu_dmp_motion_driver.o
    0x08002bd8   0x00000058   Code   RO         3719    i.dmp_enable_gyro_cal  inv_mpu_dmp_motion_driver.o
    0x08002c30   0x0000003c   Code   RO         3720    i.dmp_enable_lp_quat  inv_mpu_dmp_motion_driver.o
    0x08002c6c   0x00000018   Code   RO         3725    i.dmp_load_motion_driver_firmware  inv_mpu_dmp_motion_driver.o
    0x08002c84   0x000001cc   Code   RO         3726    i.dmp_read_fifo     inv_mpu_dmp_motion_driver.o
    0x08002e50   0x00000130   Code   RO         3729    i.dmp_set_accel_bias  inv_mpu_dmp_motion_driver.o
    0x08002f80   0x00000070   Code   RO         3730    i.dmp_set_fifo_rate  inv_mpu_dmp_motion_driver.o
    0x08002ff0   0x00000130   Code   RO         3731    i.dmp_set_gyro_bias  inv_mpu_dmp_motion_driver.o
    0x08003120   0x00000138   Code   RO         3733    i.dmp_set_orientation  inv_mpu_dmp_motion_driver.o
    0x08003258   0x00000038   Code   RO         3736    i.dmp_set_shake_reject_thresh  inv_mpu_dmp_motion_driver.o
    0x08003290   0x00000026   Code   RO         3737    i.dmp_set_shake_reject_time  inv_mpu_dmp_motion_driver.o
    0x080032b6   0x00000026   Code   RO         3738    i.dmp_set_shake_reject_timeout  inv_mpu_dmp_motion_driver.o
    0x080032dc   0x00000046   Code   RO         3739    i.dmp_set_tap_axes  inv_mpu_dmp_motion_driver.o
    0x08003322   0x00000026   Code   RO         3740    i.dmp_set_tap_count  inv_mpu_dmp_motion_driver.o
    0x08003348   0x000001a0   Code   RO         3741    i.dmp_set_tap_thresh  inv_mpu_dmp_motion_driver.o
    0x080034e8   0x00000026   Code   RO         3742    i.dmp_set_tap_time  inv_mpu_dmp_motion_driver.o
    0x0800350e   0x00000026   Code   RO         3743    i.dmp_set_tap_time_multi  inv_mpu_dmp_motion_driver.o
    0x08003534   0x0000001c   Code   RO         3331    i.fputc             usart.o
    0x08003550   0x000000b4   Code   RO         3383    i.get_accel_prod_shift  inv_mpu.o
    0x08003604   0x00000470   Code   RO         3384    i.get_st_biases     inv_mpu.o
    0x08003a74   0x00000110   Code   RO         3385    i.gyro_self_test    inv_mpu.o
    0x08003b84   0x00000028   Code   RO         3386    i.inv_orientation_matrix_to_scalar  inv_mpu.o
    0x08003bac   0x0000004e   Code   RO         3387    i.inv_row_2_scale   inv_mpu.o
    0x08003bfa   0x00000002   PAD
    0x08003bfc   0x000000d8   Code   RO          114    i.main              main.o
    0x08003cd4   0x00000002   Code   RO         3388    i.mget_ms           inv_mpu.o
    0x08003cd6   0x00000002   PAD
    0x08003cd8   0x00000070   Code   RO         3389    i.mpu_configure_fifo  inv_mpu.o
    0x08003d48   0x0000021c   Code   RO         3390    i.mpu_dmp_get_data  inv_mpu.o
    0x08003f64   0x000000a0   Code   RO         3391    i.mpu_dmp_init      inv_mpu.o
    0x08004004   0x0000004c   Code   RO         3392    i.mpu_get_accel_fsr  inv_mpu.o
    0x08004050   0x00000054   Code   RO         3394    i.mpu_get_accel_sens  inv_mpu.o
    0x080040a4   0x00000010   Code   RO         3399    i.mpu_get_fifo_config  inv_mpu.o
    0x080040b4   0x00000044   Code   RO         3400    i.mpu_get_gyro_fsr  inv_mpu.o
    0x080040f8   0x00000050   Code   RO         3402    i.mpu_get_gyro_sens  inv_mpu.o
    0x08004148   0x00000050   Code   RO         3404    i.mpu_get_lpf       inv_mpu.o
    0x08004198   0x00000020   Code   RO         3406    i.mpu_get_sample_rate  inv_mpu.o
    0x080041b8   0x000001f0   Code   RO         3408    i.mpu_init          inv_mpu.o
    0x080043a8   0x000000b8   Code   RO         3409    i.mpu_load_firmware  inv_mpu.o
    0x08004460   0x000000e0   Code   RO         3410    i.mpu_lp_accel_mode  inv_mpu.o
    0x08004540   0x000000c0   Code   RO         3413    i.mpu_read_fifo_stream  inv_mpu.o
    0x08004600   0x00000080   Code   RO         3414    i.mpu_read_mem      inv_mpu.o
    0x08004680   0x000001c8   Code   RO         3417    i.mpu_reset_fifo    inv_mpu.o
    0x08004848   0x0000011c   Code   RO         3418    i.mpu_run_self_test  inv_mpu.o
    0x08004964   0x00000084   Code   RO         3420    i.mpu_set_accel_fsr  inv_mpu.o
    0x080049e8   0x0000014c   Code   RO         3421    i.mpu_set_bypass    inv_mpu.o
    0x08004b34   0x00000090   Code   RO         3423    i.mpu_set_dmp_state  inv_mpu.o
    0x08004bc4   0x00000088   Code   RO         3424    i.mpu_set_gyro_fsr  inv_mpu.o
    0x08004c4c   0x0000006c   Code   RO         3425    i.mpu_set_int_latched  inv_mpu.o
    0x08004cb8   0x00000084   Code   RO         3427    i.mpu_set_lpf       inv_mpu.o
    0x08004d3c   0x0000009c   Code   RO         3428    i.mpu_set_sample_rate  inv_mpu.o
    0x08004dd8   0x000000d0   Code   RO         3429    i.mpu_set_sensors   inv_mpu.o
    0x08004ea8   0x00000080   Code   RO         3430    i.mpu_write_mem     inv_mpu.o
    0x08004f28   0x00000114   Code   RO         4127    i.myTIMER1_PWM_Init  timer.o
    0x0800503c   0x00000120   Code   RO         4128    i.myTIMER3_PWM_Init  timer.o
    0x0800515c   0x000000bc   Code   RO         4129    i.myTIMER4_Init     timer.o
    0x08005218   0x000000b0   Code   RO         4130    i.myTIMER5_Init     timer.o
    0x080052c8   0x00000094   Code   RO         3431    i.run_self_test     inv_mpu.o
    0x0800535c   0x00000090   Code   RO         3432    i.set_int_enable    inv_mpu.o
    0x080053ec   0x0000004c   Code   RO         4515    i.sqrt              m_ws.l(sqrt.o)
    0x08005438   0x000000a8   Code   RO         3332    i.uart_init         usart.o
    0x080054e0   0x00000028   Code   RO         3333    i.verify            usart.o
    0x08005508   0x00000062   Code   RO         4349    x$fpl$d2f           fz_ws.l(d2f.o)
    0x0800556a   0x00000002   PAD
    0x0800556c   0x00000150   Code   RO         4460    x$fpl$dadd          fz_ws.l(daddsub_clz.o)
    0x080056bc   0x00000010   Code   RO         4564    x$fpl$dcheck1       fz_ws.l(dcheck1.o)
    0x080056cc   0x000002b0   Code   RO         4467    x$fpl$ddiv          fz_ws.l(ddiv.o)
    0x0800597c   0x00000154   Code   RO         4351    x$fpl$dmul          fz_ws.l(dmul.o)
    0x08005ad0   0x0000009c   Code   RO         4470    x$fpl$dnaninf       fz_ws.l(dnaninf.o)
    0x08005b6c   0x0000000c   Code   RO         4472    x$fpl$dretinf       fz_ws.l(dretinf.o)
    0x08005b78   0x00000016   Code   RO         4461    x$fpl$drsb          fz_ws.l(daddsub_clz.o)
    0x08005b8e   0x00000002   PAD
    0x08005b90   0x000001cc   Code   RO         4568    x$fpl$dsqrt         fz_ws.l(dsqrt_noumaal.o)
    0x08005d5c   0x000001d4   Code   RO         4462    x$fpl$dsub          fz_ws.l(daddsub_clz.o)
    0x08005f30   0x00000056   Code   RO         4353    x$fpl$f2d           fz_ws.l(f2d.o)
    0x08005f86   0x00000002   PAD
    0x08005f88   0x000000c4   Code   RO         4355    x$fpl$fadd          fz_ws.l(faddsub_clz.o)
    0x0800604c   0x00000018   Code   RO         4474    x$fpl$fcmpinf       fz_ws.l(fcmpi.o)
    0x08006064   0x00000184   Code   RO         4362    x$fpl$fdiv          fz_ws.l(fdiv.o)
    0x080061e8   0x00000068   Code   RO         4365    x$fpl$feqf          fz_ws.l(feqf.o)
    0x08006250   0x00000036   Code   RO         4367    x$fpl$ffix          fz_ws.l(ffix.o)
    0x08006286   0x00000002   PAD
    0x08006288   0x0000003e   Code   RO         4371    x$fpl$ffixu         fz_ws.l(ffixu.o)
    0x080062c6   0x00000002   PAD
    0x080062c8   0x00000030   Code   RO         4376    x$fpl$fflt          fz_ws.l(fflt_clz.o)
    0x080062f8   0x00000026   Code   RO         4375    x$fpl$ffltu         fz_ws.l(fflt_clz.o)
    0x0800631e   0x00000002   PAD
    0x08006320   0x00000068   Code   RO         4381    x$fpl$fleqf         fz_ws.l(fleqf.o)
    0x08006388   0x00000102   Code   RO         4383    x$fpl$fmul          fz_ws.l(fmul.o)
    0x0800648a   0x0000008c   Code   RO         4476    x$fpl$fnaninf       fz_ws.l(fnaninf.o)
    0x08006516   0x0000000a   Code   RO         4478    x$fpl$fretinf       fz_ws.l(fretinf.o)
    0x08006520   0x00000062   Code   RO         4385    x$fpl$frleqf        fz_ws.l(frleqf.o)
    0x08006582   0x00000002   PAD
    0x08006584   0x000000ea   Code   RO         4357    x$fpl$fsub          fz_ws.l(faddsub_clz.o)
    0x0800666e   0x00000064   Code   RO         4626    x$fpl$retnan        fz_ws.l(retnan.o)
    0x080066d2   0x0000005c   Code   RO         4482    x$fpl$scalbn        fz_ws.l(scalbn.o)
    0x0800672e   0x00000030   Code   RO         4684    x$fpl$trapveneer    fz_ws.l(trapv.o)
    0x0800675e   0x00000000   Code   RO         4484    x$fpl$usenofp       fz_ws.l(usenofp.o)
    0x0800675e   0x00000002   PAD
    0x08006760   0x00000050   Data   RO         3434    .constdata          inv_mpu.o
    0x080067b0   0x00000bf6   Data   RO         3745    .constdata          inv_mpu_dmp_motion_driver.o
    0x080073a6   0x00000011   Data   RO         4334    .constdata          c_w.l(__printf_flags_ss_wp.o)
    0x080073b7   0x00000001   PAD
    0x080073b8   0x00000050   Data   RO         4389    .constdata          m_ws.l(asin.o)
    0x08007408   0x00000098   Data   RO         4487    .constdata          m_ws.l(atan.o)
    0x080074a0   0x00000008   Data   RO         4513    .constdata          m_ws.l(qnan.o)
    0x080074a8   0x0000004d   Data   RO         3435    .conststring        inv_mpu.o
    0x080074f5   0x00000003   PAD
    0x080074f8   0x00000020   Data   RO         4759    Region$$Table       anon$$obj.o


    Execution Region RW_IRAM1 (Base: 0x20000000, Size: 0x00001530, Max: 0x00010000, ABSOLUTE)

    Base Addr    Size         Type   Attr      Idx    E Section Name        Object

    0x20000000   0x00000005   Data   RW          116    .data               main.o
    0x20000005   0x00000003   PAD
    0x20000008   0x00000014   Data   RW          170    .data               system_stm32f10x.o
    0x2000001c   0x00000014   Data   RW         1904    .data               stm32f10x_rcc.o
    0x20000030   0x00000004   Data   RW         3277    .data               delay.o
    0x20000034   0x0000000c   Data   RW         3335    .data               usart.o
    0x20000040   0x00000035   Data   RW         3436    .data               inv_mpu.o
    0x20000075   0x00000001   PAD
    0x20000076   0x00000002   Data   RW         3912    .data               usart2.o
    0x20000078   0x00000024   Data   RW         4180    .data               control.o
    0x2000009c   0x00000010   Zero   RW          115    .bss                main.o
    0x200000ac   0x00000015   Zero   RW         3334    .bss                usart.o
    0x200000c1   0x00000003   PAD
    0x200000c4   0x00000010   Zero   RW         3744    .bss                inv_mpu_dmp_motion_driver.o
    0x200000d4   0x00000004   PAD
    0x200000d8   0x00000190   Zero   RW         3911    .bss                usart2.o
    0x20000268   0x00000068   Zero   RW         4179    .bss                control.o
    0x200002d0   0x00000060   Zero   RW         4571    .bss                c_w.l(libspace.o)
    0x20000330   0x00000200   Zero   RW          301    HEAP                startup_stm32f10x_hd.o
    0x20000530   0x00001000   Zero   RW          300    STACK               startup_stm32f10x_hd.o


==============================================================================

Image component sizes


      Code (inc. data)   RO Data    RW Data    ZI Data      Debug   Object Name

      1956        194          0         36        104      11478   control.o
         0          0          0          0          0         32   core_cm3.o
       220         26          0          4          0       1671   delay.o
      6856        290        157         53          0      30420   inv_mpu.o
      3096        122       3062          0         16      20414   inv_mpu_dmp_motion_driver.o
       180         24          0          0          0     253717   led.o
       268         26          0          5         16       2359   main.o
       152         12          0          0          0       1502   misc.o
       220          0          0          0          0       2035   mpu6050.o
       704        108          0          0          0       3990   myiic.o
        64         26        304          0       4608        792   startup_stm32f10x_hd.o
       422          6          0          0          0       2762   stm32f10x_gpio.o
        26          0          0          0          0       3598   stm32f10x_it.o
       276         32          0         20          0       4370   stm32f10x_rcc.o
      1010         92          0          0          0      12303   stm32f10x_tim.o
       438          6          0          0          0       5552   stm32f10x_usart.o
       328         28          0         20          0       2017   system_stm32f10x.o
       948         54          0          0          0       3575   timer.o
       524         42          0         12         21       5337   usart.o
       188         32          0          2        400       2312   usart2.o

    ----------------------------------------------------------------------
     17896       1120       3558        156       5172     370236   Object Totals
         0          0         32          0          0          0   (incl. Generated)
        20          0          3          4          7          0   (incl. Padding)

    ----------------------------------------------------------------------

      Code (inc. data)   RO Data    RW Data    ZI Data      Debug   Library Member Name

        24          4          0          0          0         84   __2printf.o
         8          0          0          0          0         68   __main.o
       392          4         17          0          0         92   __printf_flags_ss_wp.o
        14          0          0          0          0         68   __printf_wp.o
         0          0          0          0          0          0   __rtentry.o
        12          0          0          0          0          0   __rtentry2.o
         6          0          0          0          0          0   __rtentry4.o
        52          8          0          0          0          0   __scatter.o
        26          0          0          0          0          0   __scatter_copy.o
        28          0          0          0          0          0   __scatter_zi.o
        48          6          0          0          0         96   _printf_char_common.o
        36          4          0          0          0         80   _printf_char_file.o
         6          0          0          0          0          0   _printf_d.o
       120         16          0          0          0         92   _printf_dec.o
       178          0          0          0          0         88   _printf_intcommon.o
         0          0          0          0          0          0   _printf_percent.o
         4          0          0          0          0          0   _printf_percent_end.o
        22          0          0          0          0        100   _rserrno.o
        16          0          0          0          0         68   aeabi_memset.o
        18          0          0          0          0         80   exit.o
         8          0          0          0          0         68   ferror.o
         6          0          0          0          0        152   heapauxi.o
         2          0          0          0          0          0   libinit.o
         2          0          0          0          0          0   libinit2.o
         2          0          0          0          0          0   libshutdown.o
         2          0          0          0          0          0   libshutdown2.o
         8          4          0          0         96         68   libspace.o
        72          0          0          0          0         76   llsdiv.o
       238          0          0          0          0        100   lludivv7m.o
        88          0          0          0          0         76   memcmp.o
         8          4          0          0          0         68   rt_errno_addr_intlibspace.o
        68          0          0          0          0         68   rt_memclr.o
        78          0          0          0          0         80   rt_memclr_w.o
         2          0          0          0          0          0   rtexit.o
        10          0          0          0          0          0   rtexit2.o
        74          0          0          0          0         80   sys_stackheap_outer.o
         2          0          0          0          0         68   use_no_semi.o
         2          0          0          0          0         68   use_no_semi_2.o
        98          4          0          0          0         92   d2f.o
       826         16          0          0          0        348   daddsub_clz.o
        16          4          0          0          0         68   dcheck1.o
       688        140          0          0          0        208   ddiv.o
       340         12          0          0          0        104   dmul.o
       156          4          0          0          0         92   dnaninf.o
        12          0          0          0          0         68   dretinf.o
       460         56          0          0          0        120   dsqrt_noumaal.o
        86          4          0          0          0         84   f2d.o
       430          8          0          0          0        168   faddsub_clz.o
        24          0          0          0          0         68   fcmpi.o
       388         76          0          0          0         96   fdiv.o
       104          4          0          0          0         84   feqf.o
        54          4          0          0          0         84   ffix.o
        62          4          0          0          0         84   ffixu.o
        86          0          0          0          0        136   fflt_clz.o
       104          4          0          0          0         84   fleqf.o
       258          4          0          0          0         84   fmul.o
       140          4          0          0          0         84   fnaninf.o
        10          0          0          0          0         68   fretinf.o
        98          0          0          0          0         68   frleqf.o
       100          0          0          0          0         68   retnan.o
        92          0          0          0          0         68   scalbn.o
        48          0          0          0          0         68   trapv.o
         0          0          0          0          0          0   usenofp.o
       624         52         80          0          0        168   asin.o
       544         70        152          0          0        124   atan.o
       384         38          0          0          0        144   atan2.o
        38          6          0          0          0        272   dunder.o
        40          0          0          0          0         68   fpclassify.o
       170          0          0          0          0         96   poly.o
         0          0          8          0          0          0   qnan.o
        76          0          0          0          0         84   sqrt.o

    ----------------------------------------------------------------------
      8264        564        258          0         96       5340   Library Totals
        26          0          1          0          0          0   (incl. Padding)

    ----------------------------------------------------------------------

      Code (inc. data)   RO Data    RW Data    ZI Data      Debug   Library Name

      1682         50         17          0         96       1888   c_w.l
      4680        348          0          0          0       2496   fz_ws.l
      1876        166        240          0          0        956   m_ws.l

    ----------------------------------------------------------------------
      8264        564        258          0         96       5340   Library Totals

    ----------------------------------------------------------------------

==============================================================================


      Code (inc. data)   RO Data    RW Data    ZI Data      Debug   

     26160       1684       3816        156       5268     365276   Grand Totals
     26160       1684       3816        156       5268     365276   ELF Image Totals
     26160       1684       3816        156          0          0   ROM Totals

==============================================================================

    Total RO  Size (Code + RO Data)                29976 (  29.27kB)
    Total RW  Size (RW Data + ZI Data)              5424 (   5.30kB)
    Total ROM Size (Code + RO Data + RW Data)      30132 (  29.43kB)

==============================================================================

